Component: ARM Compiler 5.06 (build 20) Tool: armlink [4d35a3]

==============================================================================

Section Cross References

    main.o(i.DisplayUI) refers to oled.o(i.OLED_ShowChLength) for OLED_ShowChLength
    main.o(i.DisplayUI) refers to oled.o(i.OLED_ShowString) for OLED_ShowString
    main.o(i.editUiDisplay) refers to oled.o(i.OLED_ShowChLength) for OLED_ShowChLength
    main.o(i.editUiDisplay) refers to oled.o(i.OLED_ShowString) for OLED_ShowString
    main.o(i.editUiDisplay) refers to oled.o(i.OLED_ShowNum) for OLED_ShowNum
    main.o(i.editUiDisplay) refers to oled.o(i.OLED_Refresh) for OLED_Refresh
    main.o(i.editUiDisplay) refers to main.o(.data) for temp_up
    main.o(i.handleData) refers to cjson.o(i.cJSON_Parse) for cJSON_Parse
    main.o(i.handleData) refers to cjson.o(i.cJSON_GetObjectItem) for cJSON_GetObjectItem
    main.o(i.handleData) refers to usart.o(i.clearCache) for clearCache
    main.o(i.handleData) refers to cjson.o(i.cJSON_Delete) for cJSON_Delete
    main.o(i.handleData) refers to usart.o(.data) for USARTx_RX_BUF
    main.o(i.handleData) refers to main.o(.data) for handleFlag
    main.o(i.main) refers to delay.o(i.delay_init) for delay_init
    main.o(i.main) refers to led.o(i.LED_Init) for LED_Init
    main.o(i.main) refers to oled.o(i.OLED_Init) for OLED_Init
    main.o(i.main) refers to adc.o(i.Adc_Init) for Adc_Init
    main.o(i.main) refers to usart.o(i.uart_init) for uart_init
    main.o(i.main) refers to timer.o(i.timeInit) for timeInit
    main.o(i.main) refers to timer.o(i.timeSendInit) for timeSendInit
    main.o(i.main) refers to oled.o(i.OLED_ShowChLength) for OLED_ShowChLength
    main.o(i.main) refers to usart.o(i.ESP8266Init) for ESP8266Init
    main.o(i.main) refers to gy302.o(i.BH1750_Init) for BH1750_Init
    main.o(i.main) refers to dth11.o(i.DHT11_Init) for DHT11_Init
    main.o(i.main) refers to oled.o(i.OLED_Clear) for OLED_Clear
    main.o(i.main) refers to main.o(i.DisplayUI) for DisplayUI
    main.o(i.main) refers to dth11.o(i.DHT11_Read_Data) for DHT11_Read_Data
    main.o(i.main) refers to adc.o(i.getFlameValue) for getFlameValue
    main.o(i.main) refers to adc.o(i.getSmogValue) for getSmogValue
    main.o(i.main) refers to oled.o(i.OLED_ShowNum) for OLED_ShowNum
    main.o(i.main) refers to oled.o(i.OLED_Refresh) for OLED_Refresh
    main.o(i.main) refers to main.o(i.paramEdit) for paramEdit
    main.o(i.main) refers to oled.o(i.OLED_ShowString) for OLED_ShowString
    main.o(i.main) refers to main.o(i.handleData) for handleData
    main.o(i.main) refers to usart.o(i.ESP8266Pub) for ESP8266Pub
    main.o(i.main) refers to stm32f10x_tim.o(i.TIM_SetCounter) for TIM_SetCounter
    main.o(i.main) refers to main.o(i.paramCheck) for paramCheck
    main.o(i.main) refers to delay.o(i.delay_ms) for delay_ms
    main.o(i.main) refers to main.o(.data) for subTopic
    main.o(i.paramCheck) refers to main.o(.data) for LED_STATUS
    main.o(i.paramEdit) refers to oled.o(i.OLED_Clear) for OLED_Clear
    main.o(i.paramEdit) refers to oled.o(i.OLED_ShowString) for OLED_ShowString
    main.o(i.paramEdit) refers to main.o(i.editUiDisplay) for editUiDisplay
    main.o(i.paramEdit) refers to oled.o(i.OLED_Refresh) for OLED_Refresh
    main.o(i.paramEdit) refers to main.o(i.runAlter) for runAlter
    main.o(i.paramEdit) refers to main.o(i.handleData) for handleData
    main.o(i.runAlter) refers to main.o(.data) for temp_up
    system_stm32f10x.o(i.SetSysClock) refers to system_stm32f10x.o(i.SetSysClockTo72) for SetSysClockTo72
    system_stm32f10x.o(i.SystemCoreClockUpdate) refers to system_stm32f10x.o(.data) for SystemCoreClock
    system_stm32f10x.o(i.SystemInit) refers to system_stm32f10x.o(i.SetSysClock) for SetSysClock
    led.o(i.LED_Init) refers to stm32f10x_rcc.o(i.RCC_APB2PeriphClockCmd) for RCC_APB2PeriphClockCmd
    led.o(i.LED_Init) refers to stm32f10x_gpio.o(i.GPIO_PinRemapConfig) for GPIO_PinRemapConfig
    led.o(i.LED_Init) refers to stm32f10x_gpio.o(i.GPIO_Init) for GPIO_Init
    led.o(i.LED_Init) refers to stm32f10x_gpio.o(i.GPIO_ResetBits) for GPIO_ResetBits
    oled.o(i.I2C_Start) refers to stm32f10x_gpio.o(i.GPIO_SetBits) for GPIO_SetBits
    oled.o(i.I2C_Start) refers to oled.o(i.IIC_delay) for IIC_delay
    oled.o(i.I2C_Start) refers to stm32f10x_gpio.o(i.GPIO_ResetBits) for GPIO_ResetBits
    oled.o(i.I2C_Stop) refers to stm32f10x_gpio.o(i.GPIO_ResetBits) for GPIO_ResetBits
    oled.o(i.I2C_Stop) refers to stm32f10x_gpio.o(i.GPIO_SetBits) for GPIO_SetBits
    oled.o(i.I2C_Stop) refers to oled.o(i.IIC_delay) for IIC_delay
    oled.o(i.I2C_WaitAck) refers to stm32f10x_gpio.o(i.GPIO_SetBits) for GPIO_SetBits
    oled.o(i.I2C_WaitAck) refers to oled.o(i.IIC_delay) for IIC_delay
    oled.o(i.I2C_WaitAck) refers to stm32f10x_gpio.o(i.GPIO_ResetBits) for GPIO_ResetBits
    oled.o(i.OLED_Clear) refers to oled.o(i.OLED_Refresh) for OLED_Refresh
    oled.o(i.OLED_Clear) refers to oled.o(.bss) for OLED_GRAM
[...]
    ..\HAREWARE\LED\led.c                    0x00000000   Number         0  led.o ABSOLUTE
    ..\HAREWARE\OLED\oled.c                  0x00000000   Number         0  oled.o ABSOLUTE
    ..\HAREWARE\TIMER\timer.c                0x00000000   Number         0  timer.o ABSOLUTE
    ..\HAREWARE\USART2\usart2.c              0x00000000   Number         0  usart2.o ABSOLUTE
    ..\HAREWARE\json\cJSON.c                 0x00000000   Number         0  cjson.o ABSOLUTE
    ..\STM32F10x_FWLib\src\misc.c            0x00000000   Number         0  misc.o ABSOLUTE
    ..\STM32F10x_FWLib\src\stm32f10x_adc.c   0x00000000   Number         0  stm32f10x_adc.o ABSOLUTE
    ..\STM32F10x_FWLib\src\stm32f10x_bkp.c   0x00000000   Number         0  stm32f10x_bkp.o ABSOLUTE
    ..\STM32F10x_FWLib\src\stm32f10x_can.c   0x00000000   Number         0  stm32f10x_can.o ABSOLUTE
    ..\STM32F10x_FWLib\src\stm32f10x_cec.c   0x00000000   Number         0  stm32f10x_cec.o ABSOLUTE
    ..\STM32F10x_FWLib\src\stm32f10x_crc.c   0x00000000   Number         0  stm32f10x_crc.o ABSOLUTE
    ..\STM32F10x_FWLib\src\stm32f10x_dac.c   0x00000000   Number         0  stm32f10x_dac.o ABSOLUTE
    ..\STM32F10x_FWLib\src\stm32f10x_dbgmcu.c 0x00000000   Number         0  stm32f10x_dbgmcu.o ABSOLUTE
    ..\STM32F10x_FWLib\src\stm32f10x_dma.c   0x00000000   Number         0  stm32f10x_dma.o ABSOLUTE
    ..\STM32F10x_FWLib\src\stm32f10x_exti.c  0x00000000   Number         0  stm32f10x_exti.o ABSOLUTE
    ..\STM32F10x_FWLib\src\stm32f10x_flash.c 0x00000000   Number         0  stm32f10x_flash.o ABSOLUTE
    ..\STM32F10x_FWLib\src\stm32f10x_fsmc.c  0x00000000   Number         0  stm32f10x_fsmc.o ABSOLUTE
    ..\STM32F10x_FWLib\src\stm32f10x_gpio.c  0x00000000   Number         0  stm32f10x_gpio.o ABSOLUTE
    ..\STM32F10x_FWLib\src\stm32f10x_i2c.c   0x00000000   Number         0  stm32f10x_i2c.o ABSOLUTE
    ..\STM32F10x_FWLib\src\stm32f10x_iwdg.c  0x00000000   Number         0  stm32f10x_iwdg.o ABSOLUTE
    ..\STM32F10x_FWLib\src\stm32f10x_pwr.c   0x00000000   Number         0  stm32f10x_pwr.o ABSOLUTE
    ..\STM32F10x_FWLib\src\stm32f10x_rcc.c   0x00000000   Number         0  stm32f10x_rcc.o ABSOLUTE
    ..\STM32F10x_FWLib\src\stm32f10x_rtc.c   0x00000000   Number         0  stm32f10x_rtc.o ABSOLUTE
    ..\STM32F10x_FWLib\src\stm32f10x_sdio.c  0x00000000   Number         0  stm32f10x_sdio.o ABSOLUTE
    ..\STM32F10x_FWLib\src\stm32f10x_spi.c   0x00000000   Number         0  stm32f10x_spi.o ABSOLUTE
    ..\STM32F10x_FWLib\src\stm32f10x_tim.c   0x00000000   Number         0  stm32f10x_tim.o ABSOLUTE
    ..\STM32F10x_FWLib\src\stm32f10x_usart.c 0x00000000   Number         0  stm32f10x_usart.o ABSOLUTE
    ..\STM32F10x_FWLib\src\stm32f10x_wwdg.c  0x00000000   Number         0  stm32f10x_wwdg.o ABSOLUTE
    ..\SYSTEM\delay\delay.c                  0x00000000   Number         0  delay.o ABSOLUTE
    ..\SYSTEM\sys\sys.c                      0x00000000   Number         0  sys.o ABSOLUTE
    ..\SYSTEM\usart\usart.c                  0x00000000   Number         0  usart.o ABSOLUTE
    ..\\CORE\\core_cm3.c                     0x00000000   Number         0  core_cm3.o ABSOLUTE
    ..\\SYSTEM\\sys\\sys.c                   0x00000000   Number         0  sys.o ABSOLUTE
    cdcmple.s                                0x00000000   Number         0  cdcmple.o ABSOLUTE
    cdrcmple.s                               0x00000000   Number         0  cdrcmple.o ABSOLUTE
    dc.s                                     0x00000000   Number         0  dc.o ABSOLUTE
    handlers.s                               0x00000000   Number         0  handlers.o ABSOLUTE
    init.s                                   0x00000000   Number         0  init.o ABSOLUTE
    main.c                                   0x00000000   Number         0  main.o ABSOLUTE
    stm32f10x_it.c                           0x00000000   Number         0  stm32f10x_it.o ABSOLUTE
    system_stm32f10x.c                       0x00000000   Number         0  system_stm32f10x.o ABSOLUTE
    RESET                                    0x08000000   Section      304  startup_stm32f10x_hd.o(RESET)
    .ARM.Collect$$$$00000000                 0x08000130   Section        0  entry.o(.ARM.Collect$$$$00000000)
    .ARM.Collect$$$$00000001                 0x08000130   Section        4  entry2.o(.ARM.Collect$$$$00000001)
    .ARM.Collect$$$$00000004                 0x08000134   Section        4  entry5.o(.ARM.Collect$$$$00000004)
    .ARM.Collect$$$$00000008                 0x08000138   Section        0  entry7b.o(.ARM.Collect$$$$00000008)
    .ARM.Collect$$$$0000000A                 0x08000138   Section        0  entry8b.o(.ARM.Collect$$$$0000000A)
    .ARM.Collect$$$$0000000B                 0x08000138   Section        8  entry9a.o(.ARM.Collect$$$$0000000B)
    .ARM.Collect$$$$0000000D                 0x08000140   Section        0  entry10a.o(.ARM.Collect$$$$0000000D)
    .ARM.Collect$$$$0000000F                 0x08000140   Section        0  entry11a.o(.ARM.Collect$$$$0000000F)
    .ARM.Collect$$$$00002712                 0x08000140   Section        4  entry2.o(.ARM.Collect$$$$00002712)
    __lit__00000000                          0x08000140   Data           4  entry2.o(.ARM.Collect$$$$00002712)
    .text                                    0x08000144   Section       36  startup_stm32f10x_hd.o(.text)
    .text                                    0x08000168   Section        0  tolower.o(.text)
    .text                                    0x08000174   Section        0  memcpya.o(.text)
    .text                                    0x08000198   Section        0  memseta.o(.text)
    .text                                    0x080001bc   Section        0  strstr.o(.text)
    .text                                    0x080001e0   Section        0  strlen.o(.text)
    .text                                    0x080001ee   Section        0  strcmp.o(.text)
    .text                                    0x0800020a   Section        0  strncmp.o(.text)
    .text                                    0x08000228   Section        0  scanf_fp.o(.text)
    _fp_value                                0x08000229   Thumb Code   256  scanf_fp.o(.text)
    .text                                    0x08000560   Section        0  fadd.o(.text)
    .text                                    0x08000610   Section        0  fmul.o(.text)
    .text                                    0x08000674   Section        0  fdiv.o(.text)
    .text                                    0x080006f0   Section        0  dadd.o(.text)
    .text                                    0x0800083e   Section        0  dmul.o(.text)
    .text                                    0x08000922   Section        0  ddiv.o(.text)
    .text                                    0x08000a00   Section        0  ffltui.o(.text)
    .text                                    0x08000a0a   Section        0  dfltui.o(.text)
    .text                                    0x08000a24   Section        0  ffixi.o(.text)
    .text                                    0x08000a56   Section        0  dfixi.o(.text)
    .text                                    0x08000a94   Section        0  dfixui.o(.text)
    .text                                    0x08000ac6   Section        0  f2d.o(.text)
    .text                                    0x08000aec   Section       48  cdcmple.o(.text)
    .text                                    0x08000b1c   Section       48  cdrcmple.o(.text)
    .text                                    0x08000b4c   Section        0  d2f.o(.text)
    .text                                    0x08000b84   Section        0  uidiv.o(.text)
    .text                                    0x08000bb0   Section        0  uldiv.o(.text)
    .text                                    0x08000c12   Section        0  llshl.o(.text)
    .text                                    0x08000c30   Section        0  llushr.o(.text)
    .text                                    0x08000c50   Section        0  llsshr.o(.text)
    .text                                    0x08000c74   Section        0  _sgetc.o(.text)
    .text                                    0x08000cb4   Section        0  strtod.o(.text)
    _local_sscanf                            0x08000cb5   Thumb Code    54  strtod.o(.text)
    .text                                    0x08000d50   Section        0  fepilogue.o(.text)
    .text                                    0x08000d50   Section        0  iusefp.o(.text)
    .text                                    0x08000dbe   Section        0  depilogue.o(.text)
    .text                                    0x08000e78   Section        0  dfltul.o(.text)
    .text                                    0x08000e90   Section        0  dfixul.o(.text)
    .text                                    0x08000ec0   Section       36  init.o(.text)
    .text                                    0x08000ee4   Section        0  isspace_c.o(.text)
    .text                                    0x08000ef0   Section        0  ctype_c.o(.text)
    .text                                    0x08000f18   Section        0  __dclz77c.o(.text)
    i.ADC_Cmd                                0x08000f76   Section        0  stm32f10x_adc.o(i.ADC_Cmd)
    i.ADC_DMACmd                             0x08000f8c   Section        0  stm32f10x_adc.o(i.ADC_DMACmd)
    i.ADC_GetCalibrationStatus               0x08000fa2   Section        0  stm32f10x_adc.o(i.ADC_GetCalibrationStatus)
    i.ADC_GetResetCalibrationStatus          0x08000fb6   Section        0  stm32f10x_adc.o(i.ADC_GetResetCalibrationStatus)
    i.ADC_Init                               0x08000fcc   Section        0  stm32f10x_adc.o(i.ADC_Init)
    i.ADC_RegularChannelConfig               0x0800101c   Section        0  stm32f10x_adc.o(i.ADC_RegularChannelConfig)
    i.ADC_ResetCalibration                   0x080010d4   Section        0  stm32f10x_adc.o(i.ADC_ResetCalibration)
    i.ADC_SoftwareStartConvCmd               0x080010de   Section        0  stm32f10x_adc.o(i.ADC_SoftwareStartConvCmd)
    i.ADC_StartCalibration                   0x080010f4   Section        0  stm32f10x_adc.o(i.ADC_StartCalibration)
    i.Adc_Init                               0x08001100   Section        0  adc.o(i.Adc_Init)
    i.BH1750_Byte_Write                      0x08001218   Section        0  gy302.o(i.BH1750_Byte_Write)
    i.BH1750_Init                            0x0800124a   Section        0  gy302.o(i.BH1750_Init)
    i.BH1750_Power_ON                        0x0800125c   Section        0  gy302.o(i.BH1750_Power_ON)
    i.BusFault_Handler                       0x08001266   Section        0  stm32f10x_it.o(i.BusFault_Handler)
    i.DHT11_Check                            0x0800126c   Section        0  dth11.o(i.DHT11_Check)
    DHT11_Check                              0x0800126d   Thumb Code    82  dth11.o(i.DHT11_Check)
    i.DHT11_Init                             0x080012c4   Section        0  dth11.o(i.DHT11_Init)
    i.DHT11_Read_Bit                         0x080012f4   Section        0  dth11.o(i.DHT11_Read_Bit)
    DHT11_Read_Bit                           0x080012f5   Thumb Code    82  dth11.o(i.DHT11_Read_Bit)
    i.DHT11_Read_Byte                        0x0800134c   Section        0  dth11.o(i.DHT11_Read_Byte)
    DHT11_Read_Byte                          0x0800134d   Thumb Code    30  dth11.o(i.DHT11_Read_Byte)
    i.DHT11_Read_Data                        0x0800136c   Section        0  dth11.o(i.DHT11_Read_Data)
    i.DHT11_Rst                              0x080013e8   Section        0  dth11.o(i.DHT11_Rst)
    DHT11_Rst                                0x080013e9   Thumb Code    44  dth11.o(i.DHT11_Rst)
    i.DMA_Cmd                                0x08001418   Section        0  stm32f10x_dma.o(i.DMA_Cmd)
    i.DMA_Init                               0x08001430   Section        0  stm32f10x_dma.o(i.DMA_Init)
    i.DebugMon_Handler                       0x0800146c   Section        0  stm32f10x_it.o(i.DebugMon_Handler)
    i.DisplayUI                              0x08001470   Section        0  main.o(i.DisplayUI)
    i.ESP8266Init                            0x08001530   Section        0  usart.o(i.ESP8266Init)
    i.ESP8266Pub                             0x08001738   Section        0  usart.o(i.ESP8266Pub)
    i.GPIO_Init                              0x0800176c   Section        0  stm32f10x_gpio.o(i.GPIO_Init)
    i.GPIO_PinRemapConfig                    0x08001884   Section        0  stm32f10x_gpio.o(i.GPIO_PinRemapConfig)
    i.GPIO_ReadInputDataBit                  0x08001914   Section        0  stm32f10x_gpio.o(i.GPIO_ReadInputDataBit)
    i.GPIO_ResetBits                         0x08001926   Section        0  stm32f10x_gpio.o(i.GPIO_ResetBits)
    i.GPIO_SETIN                             0x0800192c   Section        0  dth11.o(i.GPIO_SETIN)
    GPIO_SETIN                               0x0800192d   Thumb Code    16  dth11.o(i.GPIO_SETIN)
    i.GPIO_SETOUT                            0x08001944   Section        0  dth11.o(i.GPIO_SETOUT)
    GPIO_SETOUT                              0x08001945   Thumb Code    16  dth11.o(i.GPIO_SETOUT)
    i.GPIO_SetBits                           0x0800195c   Section        0  stm32f10x_gpio.o(i.GPIO_SetBits)
    i.HardFault_Handler                      0x08001960   Section        0  stm32f10x_it.o(i.HardFault_Handler)
    i.I2C_BH1750_GPIOConfig                  0x08001964   Section        0  gy302.o(i.I2C_BH1750_GPIOConfig)
    I2C_BH1750_GPIOConfig                    0x08001965   Thumb Code    42  gy302.o(i.I2C_BH1750_GPIOConfig)
    i.I2C_Start                              0x08001994   Section        0  oled.o(i.I2C_Start)
    i.I2C_Stop                               0x080019c8   Section        0  oled.o(i.I2C_Stop)
    i.I2C_WaitAck                            0x080019ec   Section        0  oled.o(i.I2C_WaitAck)
    i.IIC_delay                              0x08001a18   Section        0  oled.o(i.IIC_delay)
    i.LED_Init                               0x08001a28   Section        0  led.o(i.LED_Init)
    i.MemManage_Handler                      0x08001ab0   Section        0  stm32f10x_it.o(i.MemManage_Handler)
    i.NMI_Handler                            0x08001ab4   Section        0  stm32f10x_it.o(i.NMI_Handler)
    i.NVIC_Init                              0x08001ab8   Section        0  misc.o(i.NVIC_Init)
    i.OLED_Clear                             0x08001b28   Section        0  oled.o(i.OLED_Clear)
    i.OLED_DrawPoint                         0x08001b58   Section        0  oled.o(i.OLED_DrawPoint)
    i.OLED_Init                              0x08001bd0   Section        0  oled.o(i.OLED_Init)
    i.OLED_Pow                               0x08001d10   Section        0  oled.o(i.OLED_Pow)
    i.OLED_Refresh                           0x08001d28   Section        0  oled.o(i.OLED_Refresh)
    i.OLED_ShowChLength                      0x08001d90   Section        0  oled.o(i.OLED_ShowChLength)
    i.OLED_ShowChar                          0x08001dd0   Section        0  oled.o(i.OLED_ShowChar)
    i.OLED_ShowChinese                       0x08001f0c   Section        0  oled.o(i.OLED_ShowChinese)
    i.OLED_ShowNum                           0x08002010   Section        0  oled.o(i.OLED_ShowNum)
    i.OLED_ShowString                        0x0800209c   Section        0  oled.o(i.OLED_ShowString)
    i.OLED_WR_Byte                           0x080020e6   Section        0  oled.o(i.OLED_WR_Byte)
    i.PendSV_Handler                         0x0800211e   Section        0  stm32f10x_it.o(i.PendSV_Handler)
    i.RCC_ADCCLKConfig                       0x08002120   Section        0  stm32f10x_rcc.o(i.RCC_ADCCLKConfig)
    i.RCC_AHBPeriphClockCmd                  0x08002138   Section        0  stm32f10x_rcc.o(i.RCC_AHBPeriphClockCmd)
    i.RCC_APB1PeriphClockCmd                 0x08002158   Section        0  stm32f10x_rcc.o(i.RCC_APB1PeriphClockCmd)
    i.RCC_APB2PeriphClockCmd                 0x08002178   Section        0  stm32f10x_rcc.o(i.RCC_APB2PeriphClockCmd)
    i.RCC_GetClocksFreq                      0x08002198   Section        0  stm32f10x_rcc.o(i.RCC_GetClocksFreq)
    i.SVC_Handler                            0x0800226c   Section        0  stm32f10x_it.o(i.SVC_Handler)
    i.Send_Byte                              0x08002270   Section        0  oled.o(i.Send_Byte)
    i.SetSysClock                            0x080022bc   Section        0  system_stm32f10x.o(i.SetSysClock)
    SetSysClock                              0x080022bd   Thumb Code     8  system_stm32f10x.o(i.SetSysClock)
    i.SetSysClockTo72                        0x080022c4   Section        0  system_stm32f10x.o(i.SetSysClockTo72)
    SetSysClockTo72                          0x080022c5   Thumb Code   214  system_stm32f10x.o(i.SetSysClockTo72)
    i.SysTick_CLKSourceConfig                0x080023a4   Section        0  misc.o(i.SysTick_CLKSourceConfig)
    i.SysTick_Handler                        0x080023cc   Section        0  stm32f10x_it.o(i.SysTick_Handler)
    i.SystemInit                             0x080023d0   Section        0  system_stm32f10x.o(i.SystemInit)
    i.TIM3_IRQHandler                        0x08002430   Section        0  timer.o(i.TIM3_IRQHandler)
    i.TIM4_IRQHandler                        0x08002464   Section        0  timer.o(i.TIM4_IRQHandler)
    i.TIM_ClearITPendingBit                  0x08002488   Section        0  stm32f10x_tim.o(i.TIM_ClearITPendingBit)
    i.TIM_Cmd                                0x0800248e   Section        0  stm32f10x_tim.o(i.TIM_Cmd)
    i.TIM_GetITStatus                        0x080024a6   Section        0  stm32f10x_tim.o(i.TIM_GetITStatus)
    i.TIM_ITConfig                           0x080024c8   Section        0  stm32f10x_tim.o(i.TIM_ITConfig)
    i.TIM_SetCounter                         0x080024da   Section        0  stm32f10x_tim.o(i.TIM_SetCounter)
    i.TIM_TimeBaseInit                       0x080024e0   Section        0  stm32f10x_tim.o(i.TIM_TimeBaseInit)
    i.USART1_IRQHandler                      0x08002584   Section        0  usart.o(i.USART1_IRQHandler)
    i.USART2_IRQHandler                      0x08002724   Section        0  usart2.o(i.USART2_IRQHandler)
    i.USART_ClearFlag                        0x08002788   Section        0  stm32f10x_usart.o(i.USART_ClearFlag)
    i.USART_Cmd                              0x0800279a   Section        0  stm32f10x_usart.o(i.USART_Cmd)
    i.USART_GetITStatus                      0x080027b2   Section        0  stm32f10x_usart.o(i.USART_GetITStatus)
    i.USART_ITConfig                         0x08002806   Section        0  stm32f10x_usart.o(i.USART_ITConfig)
    i.USART_Init                             0x08002850   Section        0  stm32f10x_usart.o(i.USART_Init)
    i.USART_ReceiveData                      0x08002928   Section        0  stm32f10x_usart.o(i.USART_ReceiveData)
    i.UsageFault_Handler                     0x08002932   Section        0  stm32f10x_it.o(i.UsageFault_Handler)
    i.__0printf                              0x08002938   Section        0  printfa.o(i.__0printf)
    i.__0sprintf                             0x08002958   Section        0  printfa.o(i.__0sprintf)
    i.__free$realloc                         0x08002980   Section        0  mallocr.o(i.__free$realloc)
    i.__malloc$realloc                       0x080029dc   Section        0  mallocr.o(i.__malloc$realloc)
    i.__scatterload_copy                     0x08002a2c   Section       14  handlers.o(i.__scatterload_copy)
    i.__scatterload_null                     0x08002a3a   Section        2  handlers.o(i.__scatterload_null)
    i.__scatterload_zeroinit                 0x08002a3c   Section       14  handlers.o(i.__scatterload_zeroinit)
    i._fp_digits                             0x08002a4c   Section        0  printfa.o(i._fp_digits)
    _fp_digits                               0x08002a4d   Thumb Code   334  printfa.o(i._fp_digits)
    i._is_digit                              0x08002bb0   Section        0  scanf_fp.o(i._is_digit)
    i._printf_core                           0x08002bc0   Section        0  printfa.o(i._printf_core)
    _printf_core                             0x08002bc1   Thumb Code  1744  printfa.o(i._printf_core)
    i._printf_post_padding                   0x0800329c   Section        0  printfa.o(i._printf_post_padding)
    _printf_post_padding                     0x0800329d   Thumb Code    36  printfa.o(i._printf_post_padding)
    i._printf_pre_padding                    0x080032c0   Section        0  printfa.o(i._printf_pre_padding)
    _printf_pre_padding                      0x080032c1   Thumb Code    46  printfa.o(i._printf_pre_padding)
    i._sputc                                 0x080032ee   Section        0  printfa.o(i._sputc)
    _sputc                                   0x080032ef   Thumb Code    10  printfa.o(i._sputc)
    i.buffer_skip_whitespace                 0x080032f8   Section        0  cjson.o(i.buffer_skip_whitespace)
    buffer_skip_whitespace                   0x080032f9   Thumb Code    72  cjson.o(i.buffer_skip_whitespace)
    i.cJSON_Delete                           0x08003340   Section        0  cjson.o(i.cJSON_Delete)
    i.cJSON_GetObjectItem                    0x08003398   Section        0  cjson.o(i.cJSON_GetObjectItem)
    i.cJSON_New_Item                         0x080033aa   Section        0  cjson.o(i.cJSON_New_Item)
    cJSON_New_Item                           0x080033ab   Thumb Code    26  cjson.o(i.cJSON_New_Item)
    i.cJSON_Parse                            0x080033c4   Section        0  cjson.o(i.cJSON_Parse)
    i.cJSON_ParseWithLengthOpts              0x080033d4   Section        0  cjson.o(i.cJSON_ParseWithLengthOpts)
    i.cJSON_ParseWithOpts                    0x080034a8   Section        0  cjson.o(i.cJSON_ParseWithOpts)
    i.case_insensitive_strcmp                0x080034d0   Section        0  cjson.o(i.case_insensitive_strcmp)
    case_insensitive_strcmp                  0x080034d1   Thumb Code    72  cjson.o(i.case_insensitive_strcmp)
    i.clearCache                             0x08003518   Section        0  usart.o(i.clearCache)
    i.delay                                  0x08003530   Section        0  usart.o(i.delay)
    i.delay_init                             0x08003544   Section        0  delay.o(i.delay_init)
    i.delay_ms                               0x08003588   Section        0  delay.o(i.delay_ms)
    i.delay_us                               0x080035d4   Section        0  delay.o(i.delay_us)
    i.editUiDisplay                          0x08003620   Section        0  main.o(i.editUiDisplay)
    i.fputc                                  0x080038a8   Section        0  usart.o(i.fputc)
    i.getFlameValue                          0x080038c4   Section        0  adc.o(i.getFlameValue)
    i.getSmogValue                           0x0800392c   Section        0  adc.o(i.getSmogValue)
    i.get_decimal_point                      0x08003970   Section        0  cjson.o(i.get_decimal_point)
    get_decimal_point                        0x08003971   Thumb Code     4  cjson.o(i.get_decimal_point)
    i.get_object_item                        0x08003974   Section        0  cjson.o(i.get_object_item)
    get_object_item                          0x08003975   Thumb Code    82  cjson.o(i.get_object_item)
    i.handleData                             0x080039c8   Section        0  main.o(i.handleData)
    i.i2c_Delay                              0x08003b4c   Section        0  gy302.o(i.i2c_Delay)
    i2c_Delay                                0x08003b4d   Thumb Code    14  gy302.o(i.i2c_Delay)
    i.i2c_SendByte                           0x08003b5c   Section        0  gy302.o(i.i2c_SendByte)
    i.i2c_Start                              0x08003bb0   Section        0  gy302.o(i.i2c_Start)
    i.i2c_Stop                               0x08003be0   Section        0  gy302.o(i.i2c_Stop)
    i.i2c_WaitAck                            0x08003c00   Section        0  gy302.o(i.i2c_WaitAck)
    i.internal_alloc                         0x08003c3c   Section        0  mallocr.o(i.internal_alloc)
    internal_alloc                           0x08003c3d   Thumb Code    76  mallocr.o(i.internal_alloc)
    i.main                                   0x08003c8c   Section        0  main.o(i.main)
    i.paramCheck                             0x08003ea0   Section        0  main.o(i.paramCheck)
    i.paramEdit                              0x08003f54   Section        0  main.o(i.paramEdit)
    i.parse_array                            0x0800408c   Section        0  cjson.o(i.parse_array)
    parse_array                              0x0800408d   Thumb Code   248  cjson.o(i.parse_array)
    i.parse_hex4                             0x08004184   Section        0  cjson.o(i.parse_hex4)
    parse_hex4                               0x08004185   Thumb Code    90  cjson.o(i.parse_hex4)
    i.parse_number                           0x080041e0   Section        0  cjson.o(i.parse_number)
    parse_number                             0x080041e1   Thumb Code   298  cjson.o(i.parse_number)
    i.parse_object                           0x08004318   Section        0  cjson.o(i.parse_object)
    parse_object                             0x08004319   Thumb Code   318  cjson.o(i.parse_object)
    i.parse_string                           0x08004456   Section        0  cjson.o(i.parse_string)
    parse_string                             0x08004457   Thumb Code   396  cjson.o(i.parse_string)
    i.parse_value                            0x080045e4   Section        0  cjson.o(i.parse_value)
    parse_value                              0x080045e5   Thumb Code   290  cjson.o(i.parse_value)
    i.realloc                                0x08004720   Section        0  mallocr.o(i.realloc)
    i.runAlter                               0x0800478c   Section        0  main.o(i.runAlter)
    i.skip_utf8_bom                          0x08004874   Section        0  cjson.o(i.skip_utf8_bom)
    skip_utf8_bom                            0x08004875   Thumb Code    56  cjson.o(i.skip_utf8_bom)
    i.strtod                                 0x080048b0   Section        0  strtod.o(i.strtod)
    i.timeInit                               0x080048cc   Section        0  timer.o(i.timeInit)
    i.timeSendInit                           0x0800492c   Section        0  timer.o(i.timeSendInit)
    i.uart_init                              0x0800498c   Section        0  usart.o(i.uart_init)
    i.utf16_literal_to_utf8                  0x08004a38   Section        0  cjson.o(i.utf16_literal_to_utf8)
    utf16_literal_to_utf8                    0x08004a39   Thumb Code   300  cjson.o(i.utf16_literal_to_utf8)
    i.waitDataStatus                         0x08004b64   Section        0  usart.o(i.waitDataStatus)
    .constdata                               0x08004bb8   Section    10000  oled.o(.constdata)
    .constdata                               0x080072c8   Section       64  ctype_c.o(.constdata)
    .conststring                             0x08007308   Section       98  usart.o(.conststring)
    .data                                    0x20000000   Section     2186  main.o(.data)
    .data                                    0x2000088c   Section       20  system_stm32f10x.o(.data)
    .data                                    0x200008a0   Section        4  dth11.o(.data)
    .data                                    0x200008a4   Section        2  usart2.o(.data)
    .data                                    0x200008a8   Section       20  cjson.o(.data)
    global_error                             0x200008a8   Data           8  cjson.o(.data)
    global_hooks                             0x200008b0   Data          12  cjson.o(.data)
    .data                                    0x200008bc   Section        6  adc.o(.data)
    .data                                    0x200008c2   Section        4  delay.o(.data)
    .data                                    0x200008c8   Section       14  usart.o(.data)
    .data                                    0x200008d6   Section       20  stm32f10x_rcc.o(.data)
    APBAHBPrescTable                         0x200008d6   Data          16  stm32f10x_rcc.o(.data)
    ADCPrescTable                            0x200008e6   Data           4  stm32f10x_rcc.o(.data)
    .data                                    0x200008ec   Section        4  mvars.o(.data)
    .data                                    0x200008f0   Section        4  mvars.o(.data)
    .bss                                     0x200008f4   Section     1152  oled.o(.bss)
    .bss                                     0x20000d74   Section      400  usart2.o(.bss)
    .bss                                     0x20000f04   Section     2312  usart.o(.bss)
    HEAP                                     0x20001810   Section      512  startup_stm32f10x_hd.o(HEAP)
    STACK                                    0x20001a10   Section     1024  startup_stm32f10x_hd.o(STACK)

    Global Symbols

    Symbol Name                              Value     Ov Type        Size  Object(Section)

    BuildAttributes$$THM_ISAv4$P$D$K$B$S$PE$A:L22UL41UL21$X:L11$S22US41US21$IEEE1$IW$USESV6$~STKCKD$USESV7$~SHL$OTIME$ROPI$IEEEJ$EBA8$MICROLIB$REQ8$PRES8$EABIv2 0x00000000   Number         0  anon$$obj.o ABSOLUTE
    __ARM_use_no_argv                        0x00000000   Number         0  main.o ABSOLUTE
    __use_no_errno                           0x00000000   Number         0  useno.o ABSOLUTE
    __use_no_exception_handling              0x00000000   Number         0  useno.o ABSOLUTE
    __use_no_fp                              0x00000000   Number         0  useno.o ABSOLUTE
    __use_no_heap                            0x00000000   Number         0  useno.o ABSOLUTE
    __use_no_heap_region                     0x00000000   Number         0  useno.o ABSOLUTE
    __use_no_semihosting                     0x00000000   Number         0  useno.o ABSOLUTE
    __use_no_semihosting_swi                 0x00000000   Number         0  useno.o ABSOLUTE
    __use_no_signal_handling                 0x00000000   Number         0  useno.o ABSOLUTE
    _printf_a                                0x00000000   Number         0  stubs.o ABSOLUTE
    _printf_c                                0x00000000   Number         0  stubs.o ABSOLUTE
    _printf_charcount                        0x00000000   Number         0  stubs.o ABSOLUTE
    _printf_d                                0x00000000   Number         0  stubs.o ABSOLUTE
    _printf_e                                0x00000000   Number         0  stubs.o ABSOLUTE
    _printf_f                                0x00000000   Number         0  stubs.o ABSOLUTE
    _printf_flags                            0x00000000   Number         0  stubs.o ABSOLUTE
    _printf_fp_dec                           0x00000000   Number         0  stubs.o ABSOLUTE
    _printf_fp_hex                           0x00000000   Number         0  stubs.o ABSOLUTE
    _printf_g                                0x00000000   Number         0  stubs.o ABSOLUTE
    _printf_i                                0x00000000   Number         0  stubs.o ABSOLUTE
    _printf_int_dec                          0x00000000   Number         0  stubs.o ABSOLUTE
    _printf_l                                0x00000000   Number         0  stubs.o ABSOLUTE
    _printf_lc                               0x00000000   Number         0  stubs.o ABSOLUTE
    _printf_ll                               0x00000000   Number         0  stubs.o ABSOLUTE
    _printf_lld                              0x00000000   Number         0  stubs.o ABSOLUTE
    _printf_lli                              0x00000000   Number         0  stubs.o ABSOLUTE
    _printf_llo                              0x00000000   Number         0  stubs.o ABSOLUTE
    _printf_llu                              0x00000000   Number         0  stubs.o ABSOLUTE
    _printf_llx                              0x00000000   Number         0  stubs.o ABSOLUTE
    _printf_longlong_dec                     0x00000000   Number         0  stubs.o ABSOLUTE
    _printf_longlong_hex                     0x00000000   Number         0  stubs.o ABSOLUTE
    _printf_longlong_oct                     0x00000000   Number         0  stubs.o ABSOLUTE
    _printf_ls                               0x00000000   Number         0  stubs.o ABSOLUTE
    _printf_mbtowc                           0x00000000   Number         0  stubs.o ABSOLUTE
    _printf_n                                0x00000000   Number         0  stubs.o ABSOLUTE
    _printf_o                                0x00000000   Number         0  stubs.o ABSOLUTE
    _printf_p                                0x00000000   Number         0  stubs.o ABSOLUTE
    _printf_percent                          0x00000000   Number         0  stubs.o ABSOLUTE
    _printf_pre_padding                      0x00000000   Number         0  stubs.o ABSOLUTE
    _printf_return_value                     0x00000000   Number         0  stubs.o ABSOLUTE
    _printf_s                                0x00000000   Number         0  stubs.o ABSOLUTE
    _printf_sizespec                         0x00000000   Number         0  stubs.o ABSOLUTE
    _printf_str                              0x00000000   Number         0  stubs.o ABSOLUTE
    _printf_truncate_signed                  0x00000000   Number         0  stubs.o ABSOLUTE
    _printf_truncate_unsigned                0x00000000   Number         0  stubs.o ABSOLUTE
    _printf_u                                0x00000000   Number         0  stubs.o ABSOLUTE
    _printf_wc                               0x00000000   Number         0  stubs.o ABSOLUTE
    _printf_wctomb                           0x00000000   Number         0  stubs.o ABSOLUTE
    _printf_widthprec                        0x00000000   Number         0  stubs.o ABSOLUTE
    _printf_x                                0x00000000   Number         0  stubs.o ABSOLUTE
    __cpp_initialize__aeabi_                  - Undefined Weak Reference
    __cxa_finalize                            - Undefined Weak Reference
    _clock_init                               - Undefined Weak Reference
    _microlib_exit                            - Undefined Weak Reference
    _scanf_int                                - Undefined Weak Reference
    _scanf_longlong                           - Undefined Weak Reference
    _scanf_string                             - Undefined Weak Reference
    __Vectors_Size                           0x00000130   Number         0  startup_stm32f10x_hd.o ABSOLUTE
    __Vectors                                0x08000000   Data           4  startup_stm32f10x_hd.o(RESET)
    __Vectors_End                            0x08000130   Data           0  startup_stm32f10x_hd.o(RESET)
    __main                                   0x08000131   Thumb Code     0  entry.o(.ARM.Collect$$$$00000000)
    _main_stk                                0x08000131   Thumb Code     0  entry2.o(.ARM.Collect$$$$00000001)
    _main_scatterload                        0x08000135   Thumb Code     0  entry5.o(.ARM.Collect$$$$00000004)
    __main_after_scatterload                 0x08000139   Thumb Code     0  entry5.o(.ARM.Collect$$$$00000004)
    _main_clock                              0x08000139   Thumb Code     0  entry7b.o(.ARM.Collect$$$$00000008)
    _main_cpp_init                           0x08000139   Thumb Code     0  entry8b.o(.ARM.Collect$$$$0000000A)
    _main_init                               0x08000139   Thumb Code     0  entry9a.o(.ARM.Collect$$$$0000000B)
    __rt_final_cpp                           0x08000141   Thumb Code     0  entry10a.o(.ARM.Collect$$$$0000000D)
    __rt_final_exit                          0x08000141   Thumb Code     0  entry11a.o(.ARM.Collect$$$$0000000F)
    Reset_Handler                            0x08000145   Thumb Code     8  startup_stm32f10x_hd.o(.text)
    ADC1_2_IRQHandler                        0x0800015f   Thumb Code     0  startup_stm32f10x_hd.o(.text)
    ADC3_IRQHandler                          0x0800015f   Thumb Code     0  startup_stm32f10x_hd.o(.text)
    CAN1_RX1_IRQHandler                      0x0800015f   Thumb Code     0  startup_stm32f10x_hd.o(.text)
    CAN1_SCE_IRQHandler                      0x0800015f   Thumb Code     0  startup_stm32f10x_hd.o(.text)
    DMA1_Channel1_IRQHandler                 0x0800015f   Thumb Code     0  startup_stm32f10x_hd.o(.text)
    DMA1_Channel2_IRQHandler                 0x0800015f   Thumb Code     0  startup_stm32f10x_hd.o(.text)
    DMA1_Channel3_IRQHandler                 0x0800015f   Thumb Code     0  startup_stm32f10x_hd.o(.text)
    DMA1_Channel4_IRQHandler                 0x0800015f   Thumb Code     0  startup_stm32f10x_hd.o(.text)
    DMA1_Channel5_IRQHandler                 0x0800015f   Thumb Code     0  startup_stm32f10x_hd.o(.text)
    DMA1_Channel6_IRQHandler                 0x0800015f   Thumb Code     0  startup_stm32f10x_hd.o(.text)
    DMA1_Channel7_IRQHandler                 0x0800015f   Thumb Code     0  startup_stm32f10x_hd.o(.text)
    DMA2_Channel1_IRQHandler                 0x0800015f   Thumb Code     0  startup_stm32f10x_hd.o(.text)
    DMA2_Channel2_IRQHandler                 0x0800015f   Thumb Code     0  startup_stm32f10x_hd.o(.text)
    DMA2_Channel3_IRQHandler                 0x0800015f   Thumb Code     0  startup_stm32f10x_hd.o(.text)
    DMA2_Channel4_5_IRQHandler               0x0800015f   Thumb Code     0  startup_stm32f10x_hd.o(.text)
    EXTI0_IRQHandler                         0x0800015f   Thumb Code     0  startup_stm32f10x_hd.o(.text)
    EXTI15_10_IRQHandler                     0x0800015f   Thumb Code     0  startup_stm32f10x_hd.o(.text)
    EXTI1_IRQHandler                         0x0800015f   Thumb Code     0  startup_stm32f10x_hd.o(.text)
    EXTI2_IRQHandler                         0x0800015f   Thumb Code     0  startup_stm32f10x_hd.o(.text)
    EXTI3_IRQHandler                         0x0800015f   Thumb Code     0  startup_stm32f10x_hd.o(.text)
    EXTI4_IRQHandler                         0x0800015f   Thumb Code     0  startup_stm32f10x_hd.o(.text)
    EXTI9_5_IRQHandler                       0x0800015f   Thumb Code     0  startup_stm32f10x_hd.o(.text)
    FLASH_IRQHandler                         0x0800015f   Thumb Code     0  startup_stm32f10x_hd.o(.text)
    FSMC_IRQHandler                          0x0800015f   Thumb Code     0  startup_stm32f10x_hd.o(.text)
    I2C1_ER_IRQHandler                       0x0800015f   Thumb Code     0  startup_stm32f10x_hd.o(.text)
    I2C1_EV_IRQHandler                       0x0800015f   Thumb Code     0  startup_stm32f10x_hd.o(.text)
    I2C2_ER_IRQHandler                       0x0800015f   Thumb Code     0  startup_stm32f10x_hd.o(.text)
    I2C2_EV_IRQHandler                       0x0800015f   Thumb Code     0  startup_stm32f10x_hd.o(.text)
    PVD_IRQHandler                           0x0800015f   Thumb Code     0  startup_stm32f10x_hd.o(.text)
    RCC_IRQHandler                           0x0800015f   Thumb Code     0  startup_stm32f10x_hd.o(.text)
    RTCAlarm_IRQHandler                      0x0800015f   Thumb Code     0  startup_stm32f10x_hd.o(.text)
    RTC_IRQHandler                           0x0800015f   Thumb Code     0  startup_stm32f10x_hd.o(.text)
    SDIO_IRQHandler                          0x0800015f   Thumb Code     0  startup_stm32f10x_hd.o(.text)
    SPI1_IRQHandler                          0x0800015f   Thumb Code     0  startup_stm32f10x_hd.o(.text)
    SPI2_IRQHandler                          0x0800015f   Thumb Code     0  startup_stm32f10x_hd.o(.text)
    SPI3_IRQHandler                          0x0800015f   Thumb Code     0  startup_stm32f10x_hd.o(.text)
    TAMPER_IRQHandler                        0x0800015f   Thumb Code     0  startup_stm32f10x_hd.o(.text)
    TIM1_BRK_IRQHandler                      0x0800015f   Thumb Code     0  startup_stm32f10x_hd.o(.text)
    TIM1_CC_IRQHandler                       0x0800015f   Thumb Code     0  startup_stm32f10x_hd.o(.text)
    TIM1_TRG_COM_IRQHandler                  0x0800015f   Thumb Code     0  startup_stm32f10x_hd.o(.text)
    TIM1_UP_IRQHandler                       0x0800015f   Thumb Code     0  startup_stm32f10x_hd.o(.text)
    TIM2_IRQHandler                          0x0800015f   Thumb Code     0  startup_stm32f10x_hd.o(.text)
    TIM5_IRQHandler                          0x0800015f   Thumb Code     0  startup_stm32f10x_hd.o(.text)
    TIM6_IRQHandler                          0x0800015f   Thumb Code     0  startup_stm32f10x_hd.o(.text)
    TIM7_IRQHandler                          0x0800015f   Thumb Code     0  startup_stm32f10x_hd.o(.text)
    TIM8_BRK_IRQHandler                      0x0800015f   Thumb Code     0  startup_stm32f10x_hd.o(.text)
    TIM8_CC_IRQHandler                       0x0800015f   Thumb Code     0  startup_stm32f10x_hd.o(.text)
    TIM8_TRG_COM_IRQHandler                  0x0800015f   Thumb Code     0  startup_stm32f10x_hd.o(.text)
    TIM8_UP_IRQHandler                       0x0800015f   Thumb Code     0  startup_stm32f10x_hd.o(.text)
    UART4_IRQHandler                         0x0800015f   Thumb Code     0  startup_stm32f10x_hd.o(.text)
    UART5_IRQHandler                         0x0800015f   Thumb Code     0  startup_stm32f10x_hd.o(.text)
    USART3_IRQHandler                        0x0800015f   Thumb Code     0  startup_stm32f10x_hd.o(.text)
    USBWakeUp_IRQHandler                     0x0800015f   Thumb Code     0  startup_stm32f10x_hd.o(.text)
    USB_HP_CAN1_TX_IRQHandler                0x0800015f   Thumb Code     0  startup_stm32f10x_hd.o(.text)
    USB_LP_CAN1_RX0_IRQHandler               0x0800015f   Thumb Code     0  startup_stm32f10x_hd.o(.text)
    WWDG_IRQHandler                          0x0800015f   Thumb Code     0  startup_stm32f10x_hd.o(.text)
    tolower                                  0x08000169   Thumb Code    12  tolower.o(.text)
    __aeabi_memcpy                           0x08000175   Thumb Code    36  memcpya.o(.text)
    __aeabi_memcpy4                          0x08000175   Thumb Code     0  memcpya.o(.text)
    __aeabi_memcpy8                          0x08000175   Thumb Code     0  memcpya.o(.text)
    __aeabi_memset                           0x08000199   Thumb Code    14  memseta.o(.text)
    __aeabi_memset4                          0x08000199   Thumb Code     0  memseta.o(.text)
    __aeabi_memset8                          0x08000199   Thumb Code     0  memseta.o(.text)
    __aeabi_memclr                           0x080001a7   Thumb Code     4  memseta.o(.text)
    __aeabi_memclr4                          0x080001a7   Thumb Code     0  memseta.o(.text)
    __aeabi_memclr8                          0x080001a7   Thumb Code     0  memseta.o(.text)
    _memset$wrapper                          0x080001ab   Thumb Code    18  memseta.o(.text)
    strstr                                   0x080001bd   Thumb Code    36  strstr.o(.text)
    strlen                                   0x080001e1   Thumb Code    14  strlen.o(.text)
    strcmp                                   0x080001ef   Thumb Code    28  strcmp.o(.text)
    strncmp                                  0x0800020b   Thumb Code    30  strncmp.o(.text)
    _scanf_real                              0x08000329   Thumb Code     0  scanf_fp.o(.text)
    _scanf_really_real                       0x08000329   Thumb Code   556  scanf_fp.o(.text)
    __aeabi_fadd                             0x08000561   Thumb Code   164  fadd.o(.text)
    __aeabi_fsub                             0x08000605   Thumb Code     6  fadd.o(.text)
    __aeabi_frsub                            0x0800060b   Thumb Code     6  fadd.o(.text)
    __aeabi_fmul                             0x08000611   Thumb Code   100  fmul.o(.text)
    __aeabi_fdiv                             0x08000675   Thumb Code   124  fdiv.o(.text)
    __aeabi_dadd                             0x080006f1   Thumb Code   322  dadd.o(.text)
    __aeabi_dsub                             0x08000833   Thumb Code     6  dadd.o(.text)
    __aeabi_drsub                            0x08000839   Thumb Code     6  dadd.o(.text)
    __aeabi_dmul                             0x0800083f   Thumb Code   228  dmul.o(.text)
    __aeabi_ddiv                             0x08000923   Thumb Code   222  ddiv.o(.text)
    __aeabi_ui2f                             0x08000a01   Thumb Code    10  ffltui.o(.text)
    __aeabi_ui2d                             0x08000a0b   Thumb Code    26  dfltui.o(.text)
    __aeabi_f2iz                             0x08000a25   Thumb Code    50  ffixi.o(.text)
    __aeabi_d2iz                             0x08000a57   Thumb Code    62  dfixi.o(.text)
    __aeabi_d2uiz                            0x08000a95   Thumb Code    50  dfixui.o(.text)
    __aeabi_f2d                              0x08000ac7   Thumb Code    38  f2d.o(.text)
    __aeabi_cdcmpeq                          0x08000aed   Thumb Code     0  cdcmple.o(.text)
    __aeabi_cdcmple                          0x08000aed   Thumb Code    48  cdcmple.o(.text)
    __aeabi_cdrcmple                         0x08000b1d   Thumb Code    48  cdrcmple.o(.text)
    __aeabi_d2f                              0x08000b4d   Thumb Code    56  d2f.o(.text)
    __aeabi_uidiv                            0x08000b85   Thumb Code     0  uidiv.o(.text)
    __aeabi_uidivmod                         0x08000b85   Thumb Code    44  uidiv.o(.text)
    __aeabi_uldivmod                         0x08000bb1   Thumb Code    98  uldiv.o(.text)
    __aeabi_llsl                             0x08000c13   Thumb Code    30  llshl.o(.text)
    _ll_shift_l                              0x08000c13   Thumb Code     0  llshl.o(.text)
    __aeabi_llsr                             0x08000c31   Thumb Code    32  llushr.o(.text)
    _ll_ushift_r                             0x08000c31   Thumb Code     0  llushr.o(.text)
    __aeabi_lasr                             0x08000c51   Thumb Code    36  llsshr.o(.text)
    _ll_sshift_r                             0x08000c51   Thumb Code     0  llsshr.o(.text)
    _sgetc                                   0x08000c75   Thumb Code    30  _sgetc.o(.text)
    _sbackspace                              0x08000c93   Thumb Code    34  _sgetc.o(.text)
    __strtod_int                             0x08000ceb   Thumb Code    88  strtod.o(.text)
    __I$use$fp                               0x08000d51   Thumb Code     0  iusefp.o(.text)
    _float_round                             0x08000d51   Thumb Code    18  fepilogue.o(.text)
    _float_epilogue                          0x08000d63   Thumb Code    92  fepilogue.o(.text)
    _double_round                            0x08000dbf   Thumb Code    30  depilogue.o(.text)
    _double_epilogue                         0x08000ddd   Thumb Code   156  depilogue.o(.text)
    __aeabi_ul2d                             0x08000e79   Thumb Code    24  dfltul.o(.text)
    __aeabi_d2ulz                            0x08000e91   Thumb Code    48  dfixul.o(.text)
    __scatterload                            0x08000ec1   Thumb Code    28  init.o(.text)
    __scatterload_rt2                        0x08000ec1   Thumb Code     0  init.o(.text)
    isspace                                  0x08000ee5   Thumb Code    10  isspace_c.o(.text)
    __ctype_lookup                           0x08000ef1   Thumb Code    34  ctype_c.o(.text)
    __decompress                             0x08000f19   Thumb Code     0  __dclz77c.o(.text)
    __decompress2                            0x08000f19   Thumb Code    94  __dclz77c.o(.text)
    ADC_Cmd                                  0x08000f77   Thumb Code    22  stm32f10x_adc.o(i.ADC_Cmd)
    ADC_DMACmd                               0x08000f8d   Thumb Code    22  stm32f10x_adc.o(i.ADC_DMACmd)
    ADC_GetCalibrationStatus                 0x08000fa3   Thumb Code    20  stm32f10x_adc.o(i.ADC_GetCalibrationStatus)
    ADC_GetResetCalibrationStatus            0x08000fb7   Thumb Code    20  stm32f10x_adc.o(i.ADC_GetResetCalibrationStatus)
    ADC_Init                                 0x08000fcd   Thumb Code    70  stm32f10x_adc.o(i.ADC_Init)
    ADC_RegularChannelConfig                 0x0800101d   Thumb Code   184  stm32f10x_adc.o(i.ADC_RegularChannelConfig)
    ADC_ResetCalibration                     0x080010d5   Thumb Code    10  stm32f10x_adc.o(i.ADC_ResetCalibration)
    ADC_SoftwareStartConvCmd                 0x080010df   Thumb Code    22  stm32f10x_adc.o(i.ADC_SoftwareStartConvCmd)
    ADC_StartCalibration                     0x080010f5   Thumb Code    10  stm32f10x_adc.o(i.ADC_StartCalibration)
    Adc_Init                                 0x08001101   Thumb Code   264  adc.o(i.Adc_Init)
    BH1750_Byte_Write                        0x08001219   Thumb Code    50  gy302.o(i.BH1750_Byte_Write)
    BH1750_Init                              0x0800124b   Thumb Code    18  gy302.o(i.BH1750_Init)
    BH1750_Power_ON                          0x0800125d   Thumb Code    10  gy302.o(i.BH1750_Power_ON)
    BusFault_Handler                         0x08001267   Thumb Code     4  stm32f10x_it.o(i.BusFault_Handler)
    DHT11_Init                               0x080012c5   Thumb Code    40  dth11.o(i.DHT11_Init)
    DHT11_Read_Data                          0x0800136d   Thumb Code   118  dth11.o(i.DHT11_Read_Data)
    DMA_Cmd                                  0x08001419   Thumb Code    24  stm32f10x_dma.o(i.DMA_Cmd)
    DMA_Init                                 0x08001431   Thumb Code    60  stm32f10x_dma.o(i.DMA_Init)
    DebugMon_Handler                         0x0800146d   Thumb Code     2  stm32f10x_it.o(i.DebugMon_Handler)
    DisplayUI                                0x08001471   Thumb Code   176  main.o(i.DisplayUI)
    ESP8266Init                              0x08001531   Thumb Code   320  usart.o(i.ESP8266Init)
    ESP8266Pub                               0x08001739   Thumb Code    42  usart.o(i.ESP8266Pub)
    GPIO_Init                                0x0800176d   Thumb Code   278  stm32f10x_gpio.o(i.GPIO_Init)
    GPIO_PinRemapConfig                      0x08001885   Thumb Code   138  stm32f10x_gpio.o(i.GPIO_PinRemapConfig)
    GPIO_ReadInputDataBit                    0x08001915   Thumb Code    18  stm32f10x_gpio.o(i.GPIO_ReadInputDataBit)
    GPIO_ResetBits                           0x08001927   Thumb Code     4  stm32f10x_gpio.o(i.GPIO_ResetBits)
    GPIO_SetBits                             0x0800195d   Thumb Code     4  stm32f10x_gpio.o(i.GPIO_SetBits)
    HardFault_Handler                        0x08001961   Thumb Code     4  stm32f10x_it.o(i.HardFault_Handler)
    I2C_Start                                0x08001995   Thumb Code    48  oled.o(i.I2C_Start)
    I2C_Stop                                 0x080019c9   Thumb Code    32  oled.o(i.I2C_Stop)
    I2C_WaitAck                              0x080019ed   Thumb Code    40  oled.o(i.I2C_WaitAck)
    IIC_delay                                0x08001a19   Thumb Code    16  oled.o(i.IIC_delay)
    LED_Init                                 0x08001a29   Thumb Code   124  led.o(i.LED_Init)
    MemManage_Handler                        0x08001ab1   Thumb Code     4  stm32f10x_it.o(i.MemManage_Handler)
    NMI_Handler                              0x08001ab5   Thumb Code     2  stm32f10x_it.o(i.NMI_Handler)
    NVIC_Init                                0x08001ab9   Thumb Code   100  misc.o(i.NVIC_Init)
    OLED_Clear                               0x08001b29   Thumb Code    42  oled.o(i.OLED_Clear)
    OLED_DrawPoint                           0x08001b59   Thumb Code   114  oled.o(i.OLED_DrawPoint)
    OLED_Init                                0x08001bd1   Thumb Code   314  oled.o(i.OLED_Init)
    OLED_Pow                                 0x08001d11   Thumb Code    22  oled.o(i.OLED_Pow)
    OLED_Refresh                             0x08001d29   Thumb Code   100  oled.o(i.OLED_Refresh)
    OLED_ShowChLength                        0x08001d91   Thumb Code    62  oled.o(i.OLED_ShowChLength)
    OLED_ShowChar                            0x08001dd1   Thumb Code   300  oled.o(i.OLED_ShowChar)
    OLED_ShowChinese                         0x08001f0d   Thumb Code   244  oled.o(i.OLED_ShowChinese)
    OLED_ShowNum                             0x08002011   Thumb Code   140  oled.o(i.OLED_ShowNum)
    OLED_ShowString                          0x0800209d   Thumb Code    74  oled.o(i.OLED_ShowString)
    OLED_WR_Byte                             0x080020e7   Thumb Code    56  oled.o(i.OLED_WR_Byte)
    PendSV_Handler                           0x0800211f   Thumb Code     2  stm32f10x_it.o(i.PendSV_Handler)
    RCC_ADCCLKConfig                         0x08002121   Thumb Code    18  stm32f10x_rcc.o(i.RCC_ADCCLKConfig)
    RCC_AHBPeriphClockCmd                    0x08002139   Thumb Code    26  stm32f10x_rcc.o(i.RCC_AHBPeriphClockCmd)
    RCC_APB1PeriphClockCmd                   0x08002159   Thumb Code    26  stm32f10x_rcc.o(i.RCC_APB1PeriphClockCmd)
    RCC_APB2PeriphClockCmd                   0x08002179   Thumb Code    26  stm32f10x_rcc.o(i.RCC_APB2PeriphClockCmd)
    RCC_GetClocksFreq                        0x08002199   Thumb Code   192  stm32f10x_rcc.o(i.RCC_GetClocksFreq)
    SVC_Handler                              0x0800226d   Thumb Code     2  stm32f10x_it.o(i.SVC_Handler)
    Send_Byte                                0x08002271   Thumb Code    70  oled.o(i.Send_Byte)
    SysTick_CLKSourceConfig                  0x080023a5   Thumb Code    40  misc.o(i.SysTick_CLKSourceConfig)
    SysTick_Handler                          0x080023cd   Thumb Code     2  stm32f10x_it.o(i.SysTick_Handler)
    SystemInit                               0x080023d1   Thumb Code    78  system_stm32f10x.o(i.SystemInit)
    TIM3_IRQHandler                          0x08002431   Thumb Code    42  timer.o(i.TIM3_IRQHandler)
    TIM4_IRQHandler                          0x08002465   Thumb Code    28  timer.o(i.TIM4_IRQHandler)
    TIM_ClearITPendingBit                    0x08002489   Thumb Code     6  stm32f10x_tim.o(i.TIM_ClearITPendingBit)
    TIM_Cmd                                  0x0800248f   Thumb Code    24  stm32f10x_tim.o(i.TIM_Cmd)
    TIM_GetITStatus                          0x080024a7   Thumb Code    34  stm32f10x_tim.o(i.TIM_GetITStatus)
    TIM_ITConfig                             0x080024c9   Thumb Code    18  stm32f10x_tim.o(i.TIM_ITConfig)
    TIM_SetCounter                           0x080024db   Thumb Code     4  stm32f10x_tim.o(i.TIM_SetCounter)
    TIM_TimeBaseInit                         0x080024e1   Thumb Code   122  stm32f10x_tim.o(i.TIM_TimeBaseInit)
    USART1_IRQHandler                        0x08002585   Thumb Code   318  usart.o(i.USART1_IRQHandler)
    USART2_IRQHandler                        0x08002725   Thumb Code    86  usart2.o(i.USART2_IRQHandler)
    USART_ClearFlag                          0x08002789   Thumb Code    18  stm32f10x_usart.o(i.USART_ClearFlag)
    USART_Cmd                                0x0800279b   Thumb Code    24  stm32f10x_usart.o(i.USART_Cmd)
    USART_GetITStatus                        0x080027b3   Thumb Code    84  stm32f10x_usart.o(i.USART_GetITStatus)
    USART_ITConfig                           0x08002807   Thumb Code    74  stm32f10x_usart.o(i.USART_ITConfig)
    USART_Init                               0x08002851   Thumb Code   210  stm32f10x_usart.o(i.USART_Init)
    USART_ReceiveData                        0x08002929   Thumb Code    10  stm32f10x_usart.o(i.USART_ReceiveData)
    UsageFault_Handler                       0x08002933   Thumb Code     4  stm32f10x_it.o(i.UsageFault_Handler)
    __0printf                                0x08002939   Thumb Code    22  printfa.o(i.__0printf)
    __1printf                                0x08002939   Thumb Code     0  printfa.o(i.__0printf)
    __2printf                                0x08002939   Thumb Code     0  printfa.o(i.__0printf)
    __c89printf                              0x08002939   Thumb Code     0  printfa.o(i.__0printf)
    printf                                   0x08002939   Thumb Code     0  printfa.o(i.__0printf)
    __0sprintf                               0x08002959   Thumb Code    34  printfa.o(i.__0sprintf)
    __1sprintf                               0x08002959   Thumb Code     0  printfa.o(i.__0sprintf)
    __2sprintf                               0x08002959   Thumb Code     0  printfa.o(i.__0sprintf)
    __c89sprintf                             0x08002959   Thumb Code     0  printfa.o(i.__0sprintf)
    sprintf                                  0x08002959   Thumb Code     0  printfa.o(i.__0sprintf)
    free                                     0x08002981   Thumb Code    88  mallocr.o(i.__free$realloc)
    malloc                                   0x080029dd   Thumb Code    64  mallocr.o(i.__malloc$realloc)
    __scatterload_copy                       0x08002a2d   Thumb Code    14  handlers.o(i.__scatterload_copy)
    __scatterload_null                       0x08002a3b   Thumb Code     2  handlers.o(i.__scatterload_null)
    __scatterload_zeroinit                   0x08002a3d   Thumb Code    14  handlers.o(i.__scatterload_zeroinit)
    _is_digit                                0x08002bb1   Thumb Code    14  scanf_fp.o(i._is_digit)
    cJSON_Delete                             0x08003341   Thumb Code    84  cjson.o(i.cJSON_Delete)
    cJSON_GetObjectItem                      0x08003399   Thumb Code    18  cjson.o(i.cJSON_GetObjectItem)
    cJSON_Parse                              0x080033c5   Thumb Code    16  cjson.o(i.cJSON_Parse)
    cJSON_ParseWithLengthOpts                0x080033d5   Thumb Code   204  cjson.o(i.cJSON_ParseWithLengthOpts)
    cJSON_ParseWithOpts                      0x080034a9   Thumb Code    40  cjson.o(i.cJSON_ParseWithOpts)
    clearCache                               0x08003519   Thumb Code    18  usart.o(i.clearCache)
    delay                                    0x08003531   Thumb Code    20  usart.o(i.delay)
    delay_init                               0x08003545   Thumb Code    50  delay.o(i.delay_init)
    delay_ms                                 0x08003589   Thumb Code    72  delay.o(i.delay_ms)
    delay_us                                 0x080035d5   Thumb Code    72  delay.o(i.delay_us)
    editUiDisplay                            0x08003621   Thumb Code   612  main.o(i.editUiDisplay)
    fputc                                    0x080038a9   Thumb Code    24  usart.o(i.fputc)
    getFlameValue                            0x080038c5   Thumb Code    86  adc.o(i.getFlameValue)
    getSmogValue                             0x0800392d   Thumb Code    54  adc.o(i.getSmogValue)
    handleData                               0x080039c9   Thumb Code   252  main.o(i.handleData)
    i2c_SendByte                             0x08003b5d   Thumb Code    80  gy302.o(i.i2c_SendByte)
    i2c_Start                                0x08003bb1   Thumb Code    42  gy302.o(i.i2c_Start)
    i2c_Stop                                 0x08003be1   Thumb Code    28  gy302.o(i.i2c_Stop)
    i2c_WaitAck                              0x08003c01   Thumb Code    56  gy302.o(i.i2c_WaitAck)
    main                                     0x08003c8d   Thumb Code   452  main.o(i.main)
    paramCheck                               0x08003ea1   Thumb Code   136  main.o(i.paramCheck)
    paramEdit                                0x08003f55   Thumb Code   300  main.o(i.paramEdit)
    realloc                                  0x08004721   Thumb Code   102  mallocr.o(i.realloc)
    runAlter                                 0x0800478d   Thumb Code   200  main.o(i.runAlter)
    strtod                                   0x080048b1   Thumb Code    28  strtod.o(i.strtod)
    timeInit                                 0x080048cd   Thumb Code    90  timer.o(i.timeInit)
    timeSendInit                             0x0800492d   Thumb Code    90  timer.o(i.timeSendInit)
    uart_init                                0x0800498d   Thumb Code   164  usart.o(i.uart_init)
    waitDataStatus                           0x08004b65   Thumb Code    74  usart.o(i.waitDataStatus)
    asc2_0806                                0x08004bb8   Data         552  oled.o(.constdata)
    asc2_1206                                0x08004de0   Data        1140  oled.o(.constdata)
    asc2_1608                                0x08005254   Data        1520  oled.o(.constdata)
    asc2_2412                                0x08005844   Data        3420  oled.o(.constdata)
    Hzk1                                     0x080065a0   Data        2656  oled.o(.constdata)
    Hzk2                                     0x08007000   Data          72  oled.o(.constdata)
    Hzk3                                     0x08007048   Data         128  oled.o(.constdata)
    Hzk4                                     0x080070c8   Data         512  oled.o(.constdata)
    __ctype_categories                       0x080072c8   Data          64  ctype_c.o(.constdata)
    Region$$Table$$Base                      0x0800736c   Number         0  anon$$obj.o(Region$$Table)
    Region$$Table$$Limit                     0x0800738c   Number         0  anon$$obj.o(Region$$Table)
    BMP1                                     0x20000000   Data        1024  main.o(.data)
    BMP2                                     0x20000400   Data        1024  main.o(.data)
    LED_STATUS                               0x20000800   Data           4  main.o(.data)
    FAN_STATUS                               0x20000804   Data           4  main.o(.data)
    WIFIName                                 0x20000808   Data           6  main.o(.data)
    WIFIpwd                                  0x2000080e   Data           9  main.o(.data)
    userName                                 0x20000817   Data           1  main.o(.data)
    password                                 0x20000818   Data           1  main.o(.data)
    clientId                                 0x20000819   Data           7  main.o(.data)
    ip                                       0x20000820   Data          15  main.o(.data)
    subTopic                                 0x2000082f   Data          15  main.o(.data)
    pubTopic                                 0x2000083e   Data          16  main.o(.data)
    temp_up                                  0x20000850   Data           4  main.o(.data)
    temp_down                                0x20000854   Data           4  main.o(.data)
    hum_up                                   0x20000858   Data           4  main.o(.data)
    hum_down                                 0x2000085c   Data           4  main.o(.data)
    flame_up                                 0x20000860   Data           4  main.o(.data)
    flame_down                               0x20000864   Data           4  main.o(.data)
    smog_up                                  0x20000868   Data           4  main.o(.data)
    smog_down                                0x2000086c   Data           4  main.o(.data)
    handleFlag                               0x20000870   Data           4  main.o(.data)
    sendFlag                                 0x20000874   Data           4  main.o(.data)
    initFlag                                 0x20000878   Data           4  main.o(.data)
    paramFlag                                0x2000087c   Data           4  main.o(.data)
    flameIntensity                           0x20000880   Data           4  main.o(.data)
    smog                                     0x20000884   Data           4  main.o(.data)
    temp                                     0x20000888   Data           1  main.o(.data)
    humi                                     0x20000889   Data           1  main.o(.data)
    SystemCoreClock                          0x2000088c   Data           4  system_stm32f10x.o(.data)
    AHBPrescTable                            0x20000890   Data          16  system_stm32f10x.o(.data)
    GPIO_InitStructure                       0x200008a0   Data           4  dth11.o(.data)
    USART2_RX_STA                            0x200008a4   Data           2  usart2.o(.data)
    AD_Value                                 0x200008bc   Data           6  adc.o(.data)
    fac_us                                   0x200008c2   Data           1  delay.o(.data)
    fac_ms                                   0x200008c4   Data           2  delay.o(.data)
    up                                       0x200008c8   Data           2  usart.o(.data)
    down                                     0x200008ca   Data           2  usart.o(.data)
    USARTx_RX_BUF                            0x200008cc   Data           4  usart.o(.data)
    __stdout                                 0x200008d0   Data           4  usart.o(.data)
    USART_RX_STA                             0x200008d4   Data           2  usart.o(.data)
    __microlib_freelist                      0x200008ec   Data           4  mvars.o(.data)
    __microlib_freelist_initialised          0x200008f0   Data           4  mvars.o(.data)
    OLED_GRAM                                0x200008f4   Data        1152  oled.o(.bss)
    USART2_RX_BUF                            0x20000d74   Data         200  usart2.o(.bss)
    CO2_RX_BUF                               0x20000e3c   Data         200  usart2.o(.bss)
    DATA                                     0x20000f04   Data          32  usart.o(.bss)
    PHONE                                    0x20000f24   Data          32  usart.o(.bss)
    WIFICon                                  0x20000f44   Data         256  usart.o(.bss)
    UserName                                 0x20001044   Data         256  usart.o(.bss)
    IP                                       0x20001144   Data         256  usart.o(.bss)
    SubTopic                                 0x20001244   Data         256  usart.o(.bss)
    PubTopic                                 0x20001344   Data        1024  usart.o(.bss)
    USART_RX_BUF                             0x20001744   Data         200  usart.o(.bss)
    __heap_base                              0x20001810   Data           0  startup_stm32f10x_hd.o(HEAP)
    __heap_limit                             0x20001a10   Data           0  startup_stm32f10x_hd.o(HEAP)
    __initial_sp                             0x20001e10   Data           0  startup_stm32f10x_hd.o(STACK)



==============================================================================

Memory Map of the image

  Image Entry point : 0x08000145

  Load Region LR_1 (Base: 0x08000000, Size: 0x00007c80, Max: 0xffffffff, ABSOLUTE, COMPRESSED[0x000075f0])

    Execution Region ER_RO (Base: 0x08000000, Size: 0x0000738c, Max: 0xffffffff, ABSOLUTE)

    Base Addr    Size         Type   Attr      Idx    E Section Name        Object

    0x08000000   0x00000130   Data   RO         1578    RESET               startup_stm32f10x_hd.o
    0x08000130   0x00000000   Code   RO         4554  * .ARM.Collect$$$$00000000  mc_w.l(entry.o)
    0x08000130   0x00000004   Code   RO         4902    .ARM.Collect$$$$00000001  mc_w.l(entry2.o)
    0x08000134   0x00000004   Code   RO         4905    .ARM.Collect$$$$00000004  mc_w.l(entry5.o)
    0x08000138   0x00000000   Code   RO         4907    .ARM.Collect$$$$00000008  mc_w.l(entry7b.o)
    0x08000138   0x00000000   Code   RO         4909    .ARM.Collect$$$$0000000A  mc_w.l(entry8b.o)
    0x08000138   0x00000008   Code   RO         4910    .ARM.Collect$$$$0000000B  mc_w.l(entry9a.o)
    0x08000140   0x00000000   Code   RO         4912    .ARM.Collect$$$$0000000D  mc_w.l(entry10a.o)
    0x08000140   0x00000000   Code   RO         4914    .ARM.Collect$$$$0000000F  mc_w.l(entry11a.o)
    0x08000140   0x00000004   Code   RO         4903    .ARM.Collect$$$$00002712  mc_w.l(entry2.o)
    0x08000144   0x00000024   Code   RO         1579  * .text               startup_stm32f10x_hd.o
    0x08000168   0x0000000c   Code   RO         4557    .text               mc_w.l(tolower.o)
    0x08000174   0x00000024   Code   RO         4559    .text               mc_w.l(memcpya.o)
    0x08000198   0x00000024   Code   RO         4561    .text               mc_w.l(memseta.o)
    0x080001bc   0x00000024   Code   RO         4563    .text               mc_w.l(strstr.o)
    0x080001e0   0x0000000e   Code   RO         4565    .text               mc_w.l(strlen.o)
    0x080001ee   0x0000001c   Code   RO         4567    .text               mc_w.l(strcmp.o)
    0x0800020a   0x0000001e   Code   RO         4571    .text               mc_w.l(strncmp.o)
    0x08000228   0x00000338   Code   RO         4866    .text               mc_w.l(scanf_fp.o)
    0x08000560   0x000000b0   Code   RO         4870    .text               mf_w.l(fadd.o)
    0x08000610   0x00000064   Code   RO         4872    .text               mf_w.l(fmul.o)
    0x08000674   0x0000007c   Code   RO         4874    .text               mf_w.l(fdiv.o)
    0x080006f0   0x0000014e   Code   RO         4876    .text               mf_w.l(dadd.o)
    0x0800083e   0x000000e4   Code   RO         4878    .text               mf_w.l(dmul.o)
    0x08000922   0x000000de   Code   RO         4880    .text               mf_w.l(ddiv.o)
    0x08000a00   0x0000000a   Code   RO         4882    .text               mf_w.l(ffltui.o)
    0x08000a0a   0x0000001a   Code   RO         4886    .text               mf_w.l(dfltui.o)
    0x08000a24   0x00000032   Code   RO         4888    .text               mf_w.l(ffixi.o)
    0x08000a56   0x0000003e   Code   RO         4890    .text               mf_w.l(dfixi.o)
    0x08000a94   0x00000032   Code   RO         4892    .text               mf_w.l(dfixui.o)
    0x08000ac6   0x00000026   Code   RO         4894    .text               mf_w.l(f2d.o)
    0x08000aec   0x00000030   Code   RO         4896    .text               mf_w.l(cdcmple.o)
    0x08000b1c   0x00000030   Code   RO         4898    .text               mf_w.l(cdrcmple.o)
    0x08000b4c   0x00000038   Code   RO         4900    .text               mf_w.l(d2f.o)
    0x08000b84   0x0000002c   Code   RO         4916    .text               mc_w.l(uidiv.o)
    0x08000bb0   0x00000062   Code   RO         4918    .text               mc_w.l(uldiv.o)
    0x08000c12   0x0000001e   Code   RO         4920    .text               mc_w.l(llshl.o)
    0x08000c30   0x00000020   Code   RO         4922    .text               mc_w.l(llushr.o)
    0x08000c50   0x00000024   Code   RO         4924    .text               mc_w.l(llsshr.o)
    0x08000c74   0x00000040   Code   RO         4930    .text               mc_w.l(_sgetc.o)
    0x08000cb4   0x0000009c   Code   RO         4932    .text               mc_w.l(strtod.o)
    0x08000d50   0x00000000   Code   RO         4934    .text               mc_w.l(iusefp.o)
    0x08000d50   0x0000006e   Code   RO         4935    .text               mf_w.l(fepilogue.o)
    0x08000dbe   0x000000ba   Code   RO         4937    .text               mf_w.l(depilogue.o)
    0x08000e78   0x00000018   Code   RO         4939    .text               mf_w.l(dfltul.o)
    0x08000e90   0x00000030   Code   RO         4941    .text               mf_w.l(dfixul.o)
    0x08000ec0   0x00000024   Code   RO         4943    .text               mc_w.l(init.o)
    0x08000ee4   0x0000000a   Code   RO         4945    .text               mc_w.l(isspace_c.o)
    0x08000eee   0x00000002   PAD
    0x08000ef0   0x00000028   Code   RO         4949    .text               mc_w.l(ctype_c.o)
    0x08000f18   0x0000005e   Code   RO         4960    .text               mc_w.l(__dclz77c.o)
    0x08000f76   0x00000016   Code   RO         1625    i.ADC_Cmd           stm32f10x_adc.o
    0x08000f8c   0x00000016   Code   RO         1626    i.ADC_DMACmd        stm32f10x_adc.o
    0x08000fa2   0x00000014   Code   RO         1633    i.ADC_GetCalibrationStatus  stm32f10x_adc.o
    0x08000fb6   0x00000014   Code   RO         1639    i.ADC_GetResetCalibrationStatus  stm32f10x_adc.o
    0x08000fca   0x00000002   PAD
    0x08000fcc   0x00000050   Code   RO         1643    i.ADC_Init          stm32f10x_adc.o
    0x0800101c   0x000000b8   Code   RO         1647    i.ADC_RegularChannelConfig  stm32f10x_adc.o
    0x080010d4   0x0000000a   Code   RO         1648    i.ADC_ResetCalibration  stm32f10x_adc.o
    0x080010de   0x00000016   Code   RO         1650    i.ADC_SoftwareStartConvCmd  stm32f10x_adc.o
    0x080010f4   0x0000000a   Code   RO         1652    i.ADC_StartCalibration  stm32f10x_adc.o
    0x080010fe   0x00000002   PAD
    0x08001100   0x00000118   Code   RO         1400    i.Adc_Init          adc.o
    0x08001218   0x00000032   Code   RO          571    i.BH1750_Byte_Write  gy302.o
    0x0800124a   0x00000012   Code   RO          572    i.BH1750_Init       gy302.o
    0x0800125c   0x0000000a   Code   RO          574    i.BH1750_Power_ON   gy302.o
    0x08001266   0x00000004   Code   RO            1    i.BusFault_Handler  stm32f10x_it.o
    0x0800126a   0x00000002   PAD
    0x0800126c   0x00000058   Code   RO          520    i.DHT11_Check       dth11.o
    0x080012c4   0x00000030   Code   RO          521    i.DHT11_Init        dth11.o
    0x080012f4   0x00000058   Code   RO          522    i.DHT11_Read_Bit    dth11.o
    0x0800134c   0x0000001e   Code   RO          523    i.DHT11_Read_Byte   dth11.o
    0x0800136a   0x00000002   PAD
    0x0800136c   0x0000007c   Code   RO          524    i.DHT11_Read_Data   dth11.o
    0x080013e8   0x00000030   Code   RO          525    i.DHT11_Rst         dth11.o
    0x08001418   0x00000018   Code   RO         2310    i.DMA_Cmd           stm32f10x_dma.o
    0x08001430   0x0000003c   Code   RO         2316    i.DMA_Init          stm32f10x_dma.o
    0x0800146c   0x00000002   Code   RO            2    i.DebugMon_Handler  stm32f10x_it.o
    0x0800146e   0x00000002   PAD
    0x08001470   0x000000c0   Code   RO          152    i.DisplayUI         main.o
    0x08001530   0x00000208   Code   RO         1487    i.ESP8266Init       usart.o
    0x08001738   0x00000034   Code   RO         1488    i.ESP8266Pub        usart.o
    0x0800176c   0x00000116   Code   RO         2734    i.GPIO_Init         stm32f10x_gpio.o
    0x08001882   0x00000002   PAD
    0x08001884   0x00000090   Code   RO         2736    i.GPIO_PinRemapConfig  stm32f10x_gpio.o
    0x08001914   0x00000012   Code   RO         2738    i.GPIO_ReadInputDataBit  stm32f10x_gpio.o
    0x08001926   0x00000004   Code   RO         2741    i.GPIO_ResetBits    stm32f10x_gpio.o
    0x0800192a   0x00000002   PAD
    0x0800192c   0x00000018   Code   RO          526    i.GPIO_SETIN        dth11.o
    0x08001944   0x00000018   Code   RO          527    i.GPIO_SETOUT       dth11.o
    0x0800195c   0x00000004   Code   RO         2742    i.GPIO_SetBits      stm32f10x_gpio.o
    0x08001960   0x00000004   Code   RO            3    i.HardFault_Handler  stm32f10x_it.o
    0x08001964   0x00000030   Code   RO          577    i.I2C_BH1750_GPIOConfig  gy302.o
    0x08001994   0x00000034   Code   RO          332    i.I2C_Start         oled.o
    0x080019c8   0x00000024   Code   RO          333    i.I2C_Stop          oled.o
    0x080019ec   0x0000002c   Code   RO          334    i.I2C_WaitAck       oled.o
    0x08001a18   0x00000010   Code   RO          335    i.IIC_delay         oled.o
    0x08001a28   0x00000088   Code   RO          288    i.LED_Init          led.o
    0x08001ab0   0x00000004   Code   RO            4    i.MemManage_Handler  stm32f10x_it.o
    0x08001ab4   0x00000002   Code   RO            5    i.NMI_Handler       stm32f10x_it.o
    0x08001ab6   0x00000002   PAD
    0x08001ab8   0x00000070   Code   RO         1583    i.NVIC_Init         misc.o
    0x08001b28   0x00000030   Code   RO          336    i.OLED_Clear        oled.o
    0x08001b58   0x00000078   Code   RO          343    i.OLED_DrawPoint    oled.o
    0x08001bd0   0x00000140   Code   RO          344    i.OLED_Init         oled.o
    0x08001d10   0x00000016   Code   RO          345    i.OLED_Pow          oled.o
    0x08001d26   0x00000002   PAD
    0x08001d28   0x00000068   Code   RO          346    i.OLED_Refresh      oled.o
    0x08001d90   0x0000003e   Code   RO          348    i.OLED_ShowChLength  oled.o
    0x08001dce   0x00000002   PAD
    0x08001dd0   0x0000013c   Code   RO          349    i.OLED_ShowChar     oled.o
    0x08001f0c   0x00000104   Code   RO          350    i.OLED_ShowChinese  oled.o
    0x08002010   0x0000008c   Code   RO          351    i.OLED_ShowNum      oled.o
    0x0800209c   0x0000004a   Code   RO          353    i.OLED_ShowString   oled.o
    0x080020e6   0x00000038   Code   RO          354    i.OLED_WR_Byte      oled.o
    0x0800211e   0x00000002   Code   RO            6    i.PendSV_Handler    stm32f10x_it.o
    0x08002120   0x00000018   Code   RO         3148    i.RCC_ADCCLKConfig  stm32f10x_rcc.o
    0x08002138   0x00000020   Code   RO         3149    i.RCC_AHBPeriphClockCmd  stm32f10x_rcc.o
    0x08002158   0x00000020   Code   RO         3150    i.RCC_APB1PeriphClockCmd  stm32f10x_rcc.o
    0x08002178   0x00000020   Code   RO         3152    i.RCC_APB2PeriphClockCmd  stm32f10x_rcc.o
    0x08002198   0x000000d4   Code   RO         3160    i.RCC_GetClocksFreq  stm32f10x_rcc.o
    0x0800226c   0x00000002   Code   RO            7    i.SVC_Handler       stm32f10x_it.o
    0x0800226e   0x00000002   PAD
    0x08002270   0x0000004c   Code   RO          355    i.Send_Byte         oled.o
    0x080022bc   0x00000008   Code   RO          254    i.SetSysClock       system_stm32f10x.o
    0x080022c4   0x000000e0   Code   RO          255    i.SetSysClockTo72   system_stm32f10x.o
    0x080023a4   0x00000028   Code   RO         1587    i.SysTick_CLKSourceConfig  misc.o
    0x080023cc   0x00000002   Code   RO            8    i.SysTick_Handler   stm32f10x_it.o
    0x080023ce   0x00000002   PAD
    0x080023d0   0x00000060   Code   RO          257    i.SystemInit        system_stm32f10x.o
    0x08002430   0x00000034   Code   RO          489    i.TIM3_IRQHandler   timer.o
    0x08002464   0x00000024   Code   RO          490    i.TIM4_IRQHandler   timer.o
    0x08002488   0x00000006   Code   RO         3779    i.TIM_ClearITPendingBit  stm32f10x_tim.o
    0x0800248e   0x00000018   Code   RO         3784    i.TIM_Cmd           stm32f10x_tim.o
    0x080024a6   0x00000022   Code   RO         3805    i.TIM_GetITStatus   stm32f10x_tim.o
    0x080024c8   0x00000012   Code   RO         3809    i.TIM_ITConfig      stm32f10x_tim.o
    0x080024da   0x00000004   Code   RO         3849    i.TIM_SetCounter    stm32f10x_tim.o
    0x080024de   0x00000002   PAD
    0x080024e0   0x000000a4   Code   RO         3855    i.TIM_TimeBaseInit  stm32f10x_tim.o
    0x08002584   0x000001a0   Code   RO         1489    i.USART1_IRQHandler  usart.o
    0x08002724   0x00000064   Code   RO          678    i.USART2_IRQHandler  usart2.o
    0x08002788   0x00000012   Code   RO         4316    i.USART_ClearFlag   stm32f10x_usart.o
    0x0800279a   0x00000018   Code   RO         4320    i.USART_Cmd         stm32f10x_usart.o
    0x080027b2   0x00000054   Code   RO         4324    i.USART_GetITStatus  stm32f10x_usart.o
    0x08002806   0x0000004a   Code   RO         4326    i.USART_ITConfig    stm32f10x_usart.o
    0x08002850   0x000000d8   Code   RO         4327    i.USART_Init        stm32f10x_usart.o
    0x08002928   0x0000000a   Code   RO         4334    i.USART_ReceiveData  stm32f10x_usart.o
    0x08002932   0x00000004   Code   RO            9    i.UsageFault_Handler  stm32f10x_it.o
    0x08002936   0x00000002   PAD
    0x08002938   0x00000020   Code   RO         4808    i.__0printf         mc_w.l(printfa.o)
    0x08002958   0x00000028   Code   RO         4810    i.__0sprintf        mc_w.l(printfa.o)
    0x08002980   0x0000005c   Code   RO         4840    i.__free$realloc    mc_w.l(mallocr.o)
    0x080029dc   0x00000050   Code   RO         4841    i.__malloc$realloc  mc_w.l(mallocr.o)
    0x08002a2c   0x0000000e   Code   RO         4954    i.__scatterload_copy  mc_w.l(handlers.o)
    0x08002a3a   0x00000002   Code   RO         4955    i.__scatterload_null  mc_w.l(handlers.o)
    0x08002a3c   0x0000000e   Code   RO         4956    i.__scatterload_zeroinit  mc_w.l(handlers.o)
    0x08002a4a   0x00000002   PAD
    0x08002a4c   0x00000164   Code   RO         4815    i._fp_digits        mc_w.l(printfa.o)
    0x08002bb0   0x0000000e   Code   RO         4868    i._is_digit         mc_w.l(scanf_fp.o)
    0x08002bbe   0x00000002   PAD
    0x08002bc0   0x000006dc   Code   RO         4816    i._printf_core      mc_w.l(printfa.o)
    0x0800329c   0x00000024   Code   RO         4817    i._printf_post_padding  mc_w.l(printfa.o)
    0x080032c0   0x0000002e   Code   RO         4818    i._printf_pre_padding  mc_w.l(printfa.o)
    0x080032ee   0x0000000a   Code   RO         4820    i._sputc            mc_w.l(printfa.o)
    0x080032f8   0x00000048   Code   RO          719    i.buffer_skip_whitespace  cjson.o
    0x08003340   0x00000058   Code   RO          751    i.cJSON_Delete      cjson.o
    0x08003398   0x00000012   Code   RO          764    i.cJSON_GetObjectItem  cjson.o
    0x080033aa   0x0000001a   Code   RO          781    i.cJSON_New_Item    cjson.o
    0x080033c4   0x00000010   Code   RO          782    i.cJSON_Parse       cjson.o
    0x080033d4   0x000000d4   Code   RO          784    i.cJSON_ParseWithLengthOpts  cjson.o
    0x080034a8   0x00000028   Code   RO          785    i.cJSON_ParseWithOpts  cjson.o
    0x080034d0   0x00000048   Code   RO          800    i.case_insensitive_strcmp  cjson.o
    0x08003518   0x00000018   Code   RO         1491    i.clearCache        usart.o
    0x08003530   0x00000014   Code   RO         1492    i.delay             usart.o
    0x08003544   0x00000044   Code   RO         1431    i.delay_init        delay.o
    0x08003588   0x0000004c   Code   RO         1432    i.delay_ms          delay.o
    0x080035d4   0x0000004c   Code   RO         1433    i.delay_us          delay.o
    0x08003620   0x00000288   Code   RO          153    i.editUiDisplay     main.o
    0x080038a8   0x0000001c   Code   RO         1493    i.fputc             usart.o
    0x080038c4   0x00000068   Code   RO         1401    i.getFlameValue     adc.o
    0x0800392c   0x00000044   Code   RO         1402    i.getSmogValue      adc.o
    0x08003970   0x00000004   Code   RO          806    i.get_decimal_point  cjson.o
    0x08003974   0x00000052   Code   RO          807    i.get_object_item   cjson.o
    0x080039c6   0x00000002   PAD
    0x080039c8   0x00000184   Code   RO          154    i.handleData        main.o
    0x08003b4c   0x0000000e   Code   RO          581    i.i2c_Delay         gy302.o
    0x08003b5a   0x00000002   PAD
    0x08003b5c   0x00000054   Code   RO          584    i.i2c_SendByte      gy302.o
    0x08003bb0   0x00000030   Code   RO          585    i.i2c_Start         gy302.o
    0x08003be0   0x00000020   Code   RO          586    i.i2c_Stop          gy302.o
    0x08003c00   0x0000003c   Code   RO          587    i.i2c_WaitAck       gy302.o
    0x08003c3c   0x00000050   Code   RO         4842    i.internal_alloc    mc_w.l(mallocr.o)
    0x08003c8c   0x00000214   Code   RO          155    i.main              main.o
    0x08003ea0   0x000000b4   Code   RO          156    i.paramCheck        main.o
    0x08003f54   0x00000138   Code   RO          157    i.paramEdit         main.o
    0x0800408c   0x000000f8   Code   RO          809    i.parse_array       cjson.o
    0x08004184   0x0000005a   Code   RO          810    i.parse_hex4        cjson.o
    0x080041de   0x00000002   PAD
    0x080041e0   0x00000138   Code   RO          811    i.parse_number      cjson.o
    0x08004318   0x0000013e   Code   RO          812    i.parse_object      cjson.o
    0x08004456   0x0000018c   Code   RO          813    i.parse_string      cjson.o
    0x080045e2   0x00000002   PAD
    0x080045e4   0x0000013c   Code   RO          814    i.parse_value       cjson.o
    0x08004720   0x0000006c   Code   RO         4843    i.realloc           mc_w.l(mallocr.o)
    0x0800478c   0x000000e8   Code   RO          158    i.runAlter          main.o
    0x08004874   0x0000003c   Code   RO          825    i.skip_utf8_bom     cjson.o
    0x080048b0   0x0000001c   Code   RO         4551    i.strtod            m_ws.l(strtod.o)
    0x080048cc   0x00000060   Code   RO          491    i.timeInit          timer.o
    0x0800492c   0x00000060   Code   RO          492    i.timeSendInit      timer.o
    0x0800498c   0x000000ac   Code   RO         1494    i.uart_init         usart.o
    0x08004a38   0x0000012c   Code   RO          828    i.utf16_literal_to_utf8  cjson.o
    0x08004b64   0x00000054   Code   RO         1495    i.waitDataStatus    usart.o
    0x08004bb8   0x00002710   Data   RO          357    .constdata          oled.o
    0x080072c8   0x00000040   Data   RO         4950    .constdata          mc_w.l(ctype_c.o)
    0x08007308   0x00000062   Data   RO         1497    .conststring        usart.o
    0x0800736a   0x00000002   PAD
    0x0800736c   0x00000020   Data   RO         4952    Region$$Table       anon$$obj.o


    Execution Region ER_RW (Base: 0x20000000, Size: 0x000008f4, Max: 0xffffffff, ABSOLUTE, COMPRESSED[0x00000264])

    Base Addr    Size         Type   Attr      Idx    E Section Name        Object

    0x20000000   0x0000088a   Data   RW          159    .data               main.o
    0x2000088a   0x00000002   PAD
    0x2000088c   0x00000014   Data   RW          258    .data               system_stm32f10x.o
    0x200008a0   0x00000004   Data   RW          528    .data               dth11.o
    0x200008a4   0x00000002   Data   RW          683    .data               usart2.o
    0x200008a6   0x00000002   PAD
    0x200008a8   0x00000014   Data   RW          830    .data               cjson.o
    0x200008bc   0x00000006   Data   RW         1403    .data               adc.o
    0x200008c2   0x00000004   Data   RW         1434    .data               delay.o
    0x200008c6   0x00000002   PAD
    0x200008c8   0x0000000e   Data   RW         1498    .data               usart.o
    0x200008d6   0x00000014   Data   RW         3180    .data               stm32f10x_rcc.o
    0x200008ea   0x00000002   PAD
    0x200008ec   0x00000004   Data   RW         4926    .data               mc_w.l(mvars.o)
    0x200008f0   0x00000004   Data   RW         4927    .data               mc_w.l(mvars.o)


    Execution Region ER_ZI (Base: 0x200008f4, Size: 0x0000151c, Max: 0xffffffff, ABSOLUTE)

    Base Addr    Size         Type   Attr      Idx    E Section Name        Object

    0x200008f4   0x00000480   Zero   RW          356    .bss                oled.o
    0x20000d74   0x00000190   Zero   RW          682    .bss                usart2.o
    0x20000f04   0x00000908   Zero   RW         1496    .bss                usart.o
    0x2000180c   0x00000004   PAD
    0x20001810   0x00000200   Zero   RW         1577    HEAP                startup_stm32f10x_hd.o
    0x20001a10   0x00000400   Zero   RW         1576    STACK               startup_stm32f10x_hd.o


==============================================================================

Image component sizes


      Code (inc. data)   RO Data    RW Data    ZI Data      Debug   Object Name

       452         48          0          6          0       2385   adc.o
      2670         66          0         20          0      17869   cjson.o
       220         26          0          4          0       1763   delay.o
       474         46          0          4          0       4756   dth11.o
       364         24          0          0          0       4496   gy302.o
       136         12          0          0          0     212971   led.o
      2484        374          0       2186          0       9824   main.o
       152         12          0          0          0       1546   misc.o
      1746         72      10000          0       1152      11896   oled.o
        36          8        304          0       1536        784   startup_stm32f10x_hd.o
       390         10          0          0          0       7413   stm32f10x_adc.o
        84          0          0          0          0       2777   stm32f10x_dma.o
       448          6          0          0          0       4502   stm32f10x_gpio.o
        26          0          0          0          0      61578   stm32f10x_it.o
       332         44          0         20          0       5561   stm32f10x_rcc.o
       250         42          0          0          0       4091   stm32f10x_tim.o
       426          6          0          0          0       5564   stm32f10x_usart.o
         0          0          0          0          0         32   sys.o
       328         28          0         20          0       2097   system_stm32f10x.o
       280         30          0          0          0       2258   timer.o
      1316        336         98         14       2312       8406   usart.o
       100         14          0          2        400       1289   usart2.o

    ----------------------------------------------------------------------
     12750       1204      10436       2284       5404     373858   Object Totals
         0          0         32          0          0          0   (incl. Generated)
        36          0          2          8          4          0   (incl. Padding)

    ----------------------------------------------------------------------

      Code (inc. data)   RO Data    RW Data    ZI Data      Debug   Library Member Name

        28          0          0          0          0         80   strtod.o
        94          0          0          0          0          0   __dclz77c.o
        64          0          0          0          0         84   _sgetc.o
        40          6         64          0          0         68   ctype_c.o
         0          0          0          0          0          0   entry.o
         0          0          0          0          0          0   entry10a.o
         0          0          0          0          0          0   entry11a.o
         8          4          0          0          0          0   entry2.o
         4          0          0          0          0          0   entry5.o
         0          0          0          0          0          0   entry7b.o
         0          0          0          0          0          0   entry8b.o
         8          4          0          0          0          0   entry9a.o
        30          0          0          0          0          0   handlers.o
        36          8          0          0          0         68   init.o
        10          0          0          0          0         68   isspace_c.o
         0          0          0          0          0          0   iusefp.o
        30          0          0          0          0         68   llshl.o
        36          0          0          0          0         68   llsshr.o
        32          0          0          0          0         68   llushr.o
       360         30          0          0          0        356   mallocr.o
        36          0          0          0          0         68   memcpya.o
        36          0          0          0          0        108   memseta.o
         0          0          0          8          0          0   mvars.o
      2276         96          0          0          0        596   printfa.o
       838         12          0          0          0        216   scanf_fp.o
        28          0          0          0          0         76   strcmp.o
        14          0          0          0          0         68   strlen.o
        30          0          0          0          0         80   strncmp.o
        36          0          0          0          0         80   strstr.o
       156         14          0          0          0        120   strtod.o
        12          0          0          0          0         68   tolower.o
        44          0          0          0          0         80   uidiv.o
        98          0          0          0          0         92   uldiv.o
        48          0          0          0          0         68   cdcmple.o
        48          0          0          0          0         68   cdrcmple.o
        56          0          0          0          0         88   d2f.o
       334          0          0          0          0        148   dadd.o
       222          0          0          0          0        100   ddiv.o
       186          0          0          0          0        176   depilogue.o
        62          0          0          0          0         80   dfixi.o
        50          0          0          0          0         76   dfixui.o
        48          0          0          0          0         68   dfixul.o
        26          0          0          0          0         76   dfltui.o
        24          0          0          0          0         76   dfltul.o
       228          0          0          0          0         96   dmul.o
        38          0          0          0          0         68   f2d.o
       176          0          0          0          0        140   fadd.o
       124          0          0          0          0         88   fdiv.o
       110          0          0          0          0        168   fepilogue.o
        50          0          0          0          0         68   ffixi.o
        10          0          0          0          0         68   ffltui.o
       100          0          0          0          0         76   fmul.o

    ----------------------------------------------------------------------
      6330        174         64          8          0       4376   Library Totals
         6          0          0          0          0          0   (incl. Padding)

    ----------------------------------------------------------------------

      Code (inc. data)   RO Data    RW Data    ZI Data      Debug   Library Name

        28          0          0          0          0         80   m_ws.l
      4356        174         64          8          0       2500   mc_w.l
      1940          0          0          0          0       1796   mf_w.l

    ----------------------------------------------------------------------
      6330        174         64          8          0       4376   Library Totals

    ----------------------------------------------------------------------

==============================================================================


      Code (inc. data)   RO Data    RW Data    ZI Data      Debug   

     19080       1378      10500       2292       5404     369678   Grand Totals
     19080       1378      10500        612       5404     369678   ELF Image Totals (compressed)
     19080       1378      10500        612          0          0   ROM Totals

==============================================================================

    Total RO  Size (Code + RO Data)                29580 (  28.89kB)
    Total RW  Size (RW Data + ZI Data)              7696 (   7.52kB)
    Total ROM Size (Code + RO Data + RW Data)      30192 (  29.48kB)

==============================================================================

